Archive member included to satisfy reference by file (symbol)

/opt/st/stm32cubeclt_1.15.1/GNU-tools-for-STM32/bin/../lib/gcc/arm-none-eabi/12.3.1/../../../../arm-none-eabi/lib/thumb/v7e-m+fp/hard/libc_nano.a(libc_a-exit.o)
                              /opt/st/stm32cubeclt_1.15.1/GNU-tools-for-STM32/bin/../lib/gcc/arm-none-eabi/12.3.1/../../../../arm-none-eabi/lib/thumb/v7e-m+fp/hard/crt0.o (exit)
/opt/st/stm32cubeclt_1.15.1/GNU-tools-for-STM32/bin/../lib/gcc/arm-none-eabi/12.3.1/../../../../arm-none-eabi/lib/thumb/v7e-m+fp/hard/libc_nano.a(libc_a-nano-vfprintf_float.o)
                              (_printf_float)
/opt/st/stm32cubeclt_1.15.1/GNU-tools-for-STM32/bin/../lib/gcc/arm-none-eabi/12.3.1/../../../../arm-none-eabi/lib/thumb/v7e-m+fp/hard/libc_nano.a(libc_a-nano-vfprintf_i.o)
                              /opt/st/stm32cubeclt_1.15.1/GNU-tools-for-STM32/bin/../lib/gcc/arm-none-eabi/12.3.1/../../../../arm-none-eabi/lib/thumb/v7e-m+fp/hard/libc_nano.a(libc_a-nano-vfprintf_float.o) (_printf_common)
/opt/st/stm32cubeclt_1.15.1/GNU-tools-for-STM32/bin/../lib/gcc/arm-none-eabi/12.3.1/../../../../arm-none-eabi/lib/thumb/v7e-m+fp/hard/libc_nano.a(libc_a-findfp.o)
                              /opt/st/stm32cubeclt_1.15.1/GNU-tools-for-STM32/bin/../lib/gcc/arm-none-eabi/12.3.1/../../../../arm-none-eabi/lib/thumb/v7e-m+fp/hard/libc_nano.a(libc_a-exit.o) (__stdio_exit_handler)
/opt/st/stm32cubeclt_1.15.1/GNU-tools-for-STM32/bin/../lib/gcc/arm-none-eabi/12.3.1/../../../../arm-none-eabi/lib/thumb/v7e-m+fp/hard/libc_nano.a(libc_a-fwalk.o)
                              /opt/st/stm32cubeclt_1.15.1/GNU-tools-for-STM32/bin/../lib/gcc/arm-none-eabi/12.3.1/../../../../arm-none-eabi/lib/thumb/v7e-m+fp/hard/libc_nano.a(libc_a-findfp.o) (_fwalk_sglue)
/opt/st/stm32cubeclt_1.15.1/GNU-tools-for-STM32/bin/../lib/gcc/arm-none-eabi/12.3.1/../../../../arm-none-eabi/lib/thumb/v7e-m+fp/hard/libc_nano.a(libc_a-stdio.o)
                              /opt/st/stm32cubeclt_1.15.1/GNU-tools-for-STM32/bin/../lib/gcc/arm-none-eabi/12.3.1/../../../../arm-none-eabi/lib/thumb/v7e-m+fp/hard/libc_nano.a(libc_a-findfp.o) (__sread)
/opt/st/stm32cubeclt_1.15.1/GNU-tools-for-STM32/bin/../lib/gcc/arm-none-eabi/12.3.1/../../../../arm-none-eabi/lib/thumb/v7e-m+fp/hard/libc_nano.a(libc_a-memset.o)
                              /opt/st/stm32cubeclt_1.15.1/GNU-tools-for-STM32/bin/../lib/gcc/arm-none-eabi/12.3.1/../../../../arm-none-eabi/lib/thumb/v7e-m+fp/hard/crt0.o (memset)
/opt/st/stm32cubeclt_1.15.1/GNU-tools-for-STM32/bin/../lib/gcc/arm-none-eabi/12.3.1/../../../../arm-none-eabi/lib/thumb/v7e-m+fp/hard/libc_nano.a(libc_a-localeconv.o)
                              /opt/st/stm32cubeclt_1.15.1/GNU-tools-for-STM32/bin/../lib/gcc/arm-none-eabi/12.3.1/../../../../arm-none-eabi/lib/thumb/v7e-m+fp/hard/libc_nano.a(libc_a-nano-vfprintf_float.o) (_localeconv_r)
/opt/st/stm32cubeclt_1.15.1/GNU-tools-for-STM32/bin/../lib/gcc/arm-none-eabi/12.3.1/../../../../arm-none-eabi/lib/thumb/v7e-m+fp/hard/libc_nano.a(libc_a-closer.o)
                              /opt/st/stm32cubeclt_1.15.1/GNU-tools-for-STM32/bin/../lib/gcc/arm-none-eabi/12.3.1/../../../../arm-none-eabi/lib/thumb/v7e-m+fp/hard/libc_nano.a(libc_a-stdio.o) (_close_r)
/opt/st/stm32cubeclt_1.15.1/GNU-tools-for-STM32/bin/../lib/gcc/arm-none-eabi/12.3.1/../../../../arm-none-eabi/lib/thumb/v7e-m+fp/hard/libc_nano.a(libc_a-reent.o)
                              /opt/st/stm32cubeclt_1.15.1/GNU-tools-for-STM32/bin/../lib/gcc/arm-none-eabi/12.3.1/../../../../arm-none-eabi/lib/thumb/v7e-m+fp/hard/libc_nano.a(libc_a-closer.o) (errno)
/opt/st/stm32cubeclt_1.15.1/GNU-tools-for-STM32/bin/../lib/gcc/arm-none-eabi/12.3.1/../../../../arm-none-eabi/lib/thumb/v7e-m+fp/hard/libc_nano.a(libc_a-impure.o)
                              /opt/st/stm32cubeclt_1.15.1/GNU-tools-for-STM32/bin/../lib/gcc/arm-none-eabi/12.3.1/../../../../arm-none-eabi/lib/thumb/v7e-m+fp/hard/libc_nano.a(libc_a-reent.o) (_impure_ptr)
/opt/st/stm32cubeclt_1.15.1/GNU-tools-for-STM32/bin/../lib/gcc/arm-none-eabi/12.3.1/../../../../arm-none-eabi/lib/thumb/v7e-m+fp/hard/libc_nano.a(libc_a-lseekr.o)
                              /opt/st/stm32cubeclt_1.15.1/GNU-tools-for-STM32/bin/../lib/gcc/arm-none-eabi/12.3.1/../../../../arm-none-eabi/lib/thumb/v7e-m+fp/hard/libc_nano.a(libc_a-stdio.o) (_lseek_r)
/opt/st/stm32cubeclt_1.15.1/GNU-tools-for-STM32/bin/../lib/gcc/arm-none-eabi/12.3.1/../../../../arm-none-eabi/lib/thumb/v7e-m+fp/hard/libc_nano.a(libc_a-readr.o)
                              /opt/st/stm32cubeclt_1.15.1/GNU-tools-for-STM32/bin/../lib/gcc/arm-none-eabi/12.3.1/../../../../arm-none-eabi/lib/thumb/v7e-m+fp/hard/libc_nano.a(libc_a-stdio.o) (_read_r)
/opt/st/stm32cubeclt_1.15.1/GNU-tools-for-STM32/bin/../lib/gcc/arm-none-eabi/12.3.1/../../../../arm-none-eabi/lib/thumb/v7e-m+fp/hard/libc_nano.a(libc_a-writer.o)
[...]
Memory Configuration

Name             Origin             Length             Attributes
RAM              0x20000000         0x00020000         xrw
FLASH            0x08000000         0x00080000         xr
*default*        0x00000000         0xffffffff

Linker script and memory map

LOAD /opt/st/stm32cubeclt_1.15.1/GNU-tools-for-STM32/bin/../lib/gcc/arm-none-eabi/12.3.1/thumb/v7e-m+fp/hard/crti.o
LOAD /opt/st/stm32cubeclt_1.15.1/GNU-tools-for-STM32/bin/../lib/gcc/arm-none-eabi/12.3.1/thumb/v7e-m+fp/hard/crtbegin.o
LOAD /opt/st/stm32cubeclt_1.15.1/GNU-tools-for-STM32/bin/../lib/gcc/arm-none-eabi/12.3.1/../../../../arm-none-eabi/lib/thumb/v7e-m+fp/hard/crt0.o
START GROUP
LOAD /opt/st/stm32cubeclt_1.15.1/GNU-tools-for-STM32/bin/../lib/gcc/arm-none-eabi/12.3.1/../../../../arm-none-eabi/lib/thumb/v7e-m+fp/hard/libc_nano.a
LOAD /opt/st/stm32cubeclt_1.15.1/GNU-tools-for-STM32/bin/../lib/gcc/arm-none-eabi/12.3.1/../../../../arm-none-eabi/lib/thumb/v7e-m+fp/hard/libm.a
END GROUP
LOAD CMakeFiles/Encoder_SPI.dir/Core/Src/gpio.c.obj
LOAD CMakeFiles/Encoder_SPI.dir/Core/Src/main.c.obj
LOAD CMakeFiles/Encoder_SPI.dir/Core/Src/math_ops.c.obj
LOAD CMakeFiles/Encoder_SPI.dir/Core/Src/printing.c.obj
LOAD CMakeFiles/Encoder_SPI.dir/Core/Src/spi.c.obj
LOAD CMakeFiles/Encoder_SPI.dir/Core/Src/stm32f4xx_hal_msp.c.obj
LOAD CMakeFiles/Encoder_SPI.dir/Core/Src/stm32f4xx_it.c.obj
LOAD CMakeFiles/Encoder_SPI.dir/Core/Src/syscalls.c.obj
LOAD CMakeFiles/Encoder_SPI.dir/Core/Src/sysmem.c.obj
LOAD CMakeFiles/Encoder_SPI.dir/Core/Src/system_stm32f4xx.c.obj
LOAD CMakeFiles/Encoder_SPI.dir/Core/Src/usart.c.obj
LOAD CMakeFiles/Encoder_SPI.dir/Drivers/STM32F4xx_HAL_Driver/Src/stm32f4xx_hal_spi.c.obj
LOAD CMakeFiles/Encoder_SPI.dir/Drivers/STM32F4xx_HAL_Driver/Src/stm32f4xx_hal_rcc.c.obj
LOAD CMakeFiles/Encoder_SPI.dir/Drivers/STM32F4xx_HAL_Driver/Src/stm32f4xx_hal_rcc_ex.c.obj
LOAD CMakeFiles/Encoder_SPI.dir/Drivers/STM32F4xx_HAL_Driver/Src/stm32f4xx_hal_flash.c.obj
LOAD CMakeFiles/Encoder_SPI.dir/Drivers/STM32F4xx_HAL_Driver/Src/stm32f4xx_hal_flash_ex.c.obj
LOAD CMakeFiles/Encoder_SPI.dir/Drivers/STM32F4xx_HAL_Driver/Src/stm32f4xx_hal_flash_ramfunc.c.obj
LOAD CMakeFiles/Encoder_SPI.dir/Drivers/STM32F4xx_HAL_Driver/Src/stm32f4xx_hal_gpio.c.obj
LOAD CMakeFiles/Encoder_SPI.dir/Drivers/STM32F4xx_HAL_Driver/Src/stm32f4xx_hal_dma_ex.c.obj
LOAD CMakeFiles/Encoder_SPI.dir/Drivers/STM32F4xx_HAL_Driver/Src/stm32f4xx_hal_dma.c.obj
LOAD CMakeFiles/Encoder_SPI.dir/Drivers/STM32F4xx_HAL_Driver/Src/stm32f4xx_hal_pwr.c.obj
LOAD CMakeFiles/Encoder_SPI.dir/Drivers/STM32F4xx_HAL_Driver/Src/stm32f4xx_hal_pwr_ex.c.obj
LOAD CMakeFiles/Encoder_SPI.dir/Drivers/STM32F4xx_HAL_Driver/Src/stm32f4xx_hal_cortex.c.obj
LOAD CMakeFiles/Encoder_SPI.dir/Drivers/STM32F4xx_HAL_Driver/Src/stm32f4xx_hal.c.obj
LOAD CMakeFiles/Encoder_SPI.dir/Drivers/STM32F4xx_HAL_Driver/Src/stm32f4xx_hal_exti.c.obj
LOAD CMakeFiles/Encoder_SPI.dir/Drivers/STM32F4xx_HAL_Driver/Src/stm32f4xx_hal_tim.c.obj
LOAD CMakeFiles/Encoder_SPI.dir/Drivers/STM32F4xx_HAL_Driver/Src/stm32f4xx_hal_tim_ex.c.obj
LOAD CMakeFiles/Encoder_SPI.dir/Drivers/STM32F4xx_HAL_Driver/Src/stm32f4xx_hal_uart.c.obj
LOAD CMakeFiles/Encoder_SPI.dir/startup_stm32f446xx.s.obj
START GROUP
LOAD /opt/st/stm32cubeclt_1.15.1/GNU-tools-for-STM32/bin/../lib/gcc/arm-none-eabi/12.3.1/thumb/v7e-m+fp/hard/libgcc.a
LOAD /opt/st/stm32cubeclt_1.15.1/GNU-tools-for-STM32/bin/../lib/gcc/arm-none-eabi/12.3.1/../../../../arm-none-eabi/lib/thumb/v7e-m+fp/hard/libg_nano.a
LOAD /opt/st/stm32cubeclt_1.15.1/GNU-tools-for-STM32/bin/../lib/gcc/arm-none-eabi/12.3.1/../../../../arm-none-eabi/lib/thumb/v7e-m+fp/hard/libc_nano.a
END GROUP
START GROUP
LOAD /opt/st/stm32cubeclt_1.15.1/GNU-tools-for-STM32/bin/../lib/gcc/arm-none-eabi/12.3.1/thumb/v7e-m+fp/hard/libgcc.a
LOAD /opt/st/stm32cubeclt_1.15.1/GNU-tools-for-STM32/bin/../lib/gcc/arm-none-eabi/12.3.1/../../../../arm-none-eabi/lib/thumb/v7e-m+fp/hard/libc_nano.a
END GROUP
LOAD /opt/st/stm32cubeclt_1.15.1/GNU-tools-for-STM32/bin/../lib/gcc/arm-none-eabi/12.3.1/thumb/v7e-m+fp/hard/crtend.o
LOAD /opt/st/stm32cubeclt_1.15.1/GNU-tools-for-STM32/bin/../lib/gcc/arm-none-eabi/12.3.1/thumb/v7e-m+fp/hard/crtn.o
                0x20020000                        _estack = (ORIGIN (RAM) + LENGTH (RAM))
                0x00000200                        _Min_Heap_Size = 0x200
                0x00000400                        _Min_Stack_Size = 0x400

.isr_vector     0x08000000      0x1c4
                0x08000000                        . = ALIGN (0x4)
 *(.isr_vector)
 .isr_vector    0x08000000      0x1c4 CMakeFiles/Encoder_SPI.dir/startup_stm32f446xx.s.obj
                0x08000000                g_pfnVectors
                0x080001c4                        . = ALIGN (0x4)

.text           0x080001d0     0x4e64
                0x080001d0                        . = ALIGN (0x4)
 *(.text)
 .text          0x080001d0       0x40 /opt/st/stm32cubeclt_1.15.1/GNU-tools-for-STM32/bin/../lib/gcc/arm-none-eabi/12.3.1/thumb/v7e-m+fp/hard/crtbegin.o
 .text          0x08000210       0xa0 /opt/st/stm32cubeclt_1.15.1/GNU-tools-for-STM32/bin/../lib/gcc/arm-none-eabi/12.3.1/../../../../arm-none-eabi/lib/thumb/v7e-m+fp/hard/libc_nano.a(libc_a-memchr.o)
                0x08000210                memchr
 .text          0x080002b0       0x10 /opt/st/stm32cubeclt_1.15.1/GNU-tools-for-STM32/bin/../lib/gcc/arm-none-eabi/12.3.1/../../../../arm-none-eabi/lib/thumb/v7e-m+fp/hard/libc_nano.a(libc_a-strlen.o)
                0x080002b0                strlen
 .text          0x080002c0      0x378 /opt/st/stm32cubeclt_1.15.1/GNU-tools-for-STM32/bin/../lib/gcc/arm-none-eabi/12.3.1/thumb/v7e-m+fp/hard/libgcc.a(_arm_addsubdf3.o)
                0x080002c0                __aeabi_drsub
                0x080002c8                __aeabi_dsub
                0x080002c8                __subdf3
                0x080002cc                __adddf3
                0x080002cc                __aeabi_dadd
                0x08000544                __aeabi_ui2d
                0x08000544                __floatunsidf
                0x08000564                __floatsidf
                0x08000564                __aeabi_i2d
                0x08000588                __extendsfdf2
                0x08000588                __aeabi_f2d
                0x080005cc                __aeabi_ul2d
                0x080005cc                __floatundidf
                0x080005dc                __floatdidf
                0x080005dc                __aeabi_l2d
 .text          0x08000638      0x424 /opt/st/stm32cubeclt_1.15.1/GNU-tools-for-STM32/bin/../lib/gcc/arm-none-eabi/12.3.1/thumb/v7e-m+fp/hard/libgcc.a(_arm_muldivdf3.o)
                0x08000638                __aeabi_dmul
                0x08000638                __muldf3
                0x0800088c                __aeabi_ddiv
                0x0800088c                __divdf3
 .text          0x08000a5c      0x110 /opt/st/stm32cubeclt_1.15.1/GNU-tools-for-STM32/bin/../lib/gcc/arm-none-eabi/12.3.1/thumb/v7e-m+fp/hard/libgcc.a(_arm_cmpdf2.o)
                0x08000a5c                __gtdf2
                0x08000a5c                __gedf2
                0x08000a64                __ltdf2
                0x08000a64                __ledf2
                0x08000a6c                __cmpdf2
                0x08000a6c                __eqdf2
                0x08000a6c                __nedf2
                0x08000ae8                __aeabi_cdrcmple
                0x08000af8                __aeabi_cdcmple
                0x08000af8                __aeabi_cdcmpeq
                0x08000b08                __aeabi_dcmpeq
                0x08000b1c                __aeabi_dcmplt
                0x08000b30                __aeabi_dcmple
                0x08000b44                __aeabi_dcmpge
                0x08000b58                __aeabi_dcmpgt
 .text          0x08000b6c       0x2c /opt/st/stm32cubeclt_1.15.1/GNU-tools-for-STM32/bin/../lib/gcc/arm-none-eabi/12.3.1/thumb/v7e-m+fp/hard/libgcc.a(_arm_unorddf2.o)
                0x08000b6c                __aeabi_dcmpun
                0x08000b6c                __unorddf2
 .text          0x08000b98       0x50 /opt/st/stm32cubeclt_1.15.1/GNU-tools-for-STM32/bin/../lib/gcc/arm-none-eabi/12.3.1/thumb/v7e-m+fp/hard/libgcc.a(_arm_fixdfsi.o)
                0x08000b98                __fixdfsi
                0x08000b98                __aeabi_d2iz
 .text          0x08000be8       0xa0 /opt/st/stm32cubeclt_1.15.1/GNU-tools-for-STM32/bin/../lib/gcc/arm-none-eabi/12.3.1/thumb/v7e-m+fp/hard/libgcc.a(_arm_truncdfsf2.o)
                0x08000be8                __aeabi_d2f
                0x08000be8                __truncdfsf2
 .text          0x08000c88       0x30 /opt/st/stm32cubeclt_1.15.1/GNU-tools-for-STM32/bin/../lib/gcc/arm-none-eabi/12.3.1/thumb/v7e-m+fp/hard/libgcc.a(_aeabi_uldivmod.o)
                0x08000c88                __aeabi_uldivmod
 .text          0x08000cb8      0x2bc /opt/st/stm32cubeclt_1.15.1/GNU-tools-for-STM32/bin/../lib/gcc/arm-none-eabi/12.3.1/thumb/v7e-m+fp/hard/libgcc.a(_udivmoddi4.o)
                0x08000cb8                __udivmoddi4
 .text          0x08000f74        0x4 /opt/st/stm32cubeclt_1.15.1/GNU-tools-for-STM32/bin/../lib/gcc/arm-none-eabi/12.3.1/thumb/v7e-m+fp/hard/libgcc.a(_dvmd_tls.o)
                0x08000f74                __aeabi_ldiv0
                0x08000f74                __aeabi_idiv0
 *(.text*)
 .text.__cvt    0x08000f78       0xca /opt/st/stm32cubeclt_1.15.1/GNU-tools-for-STM32/bin/../lib/gcc/arm-none-eabi/12.3.1/../../../../arm-none-eabi/lib/thumb/v7e-m+fp/hard/libc_nano.a(libc_a-nano-vfprintf_float.o)
                0x08000f78                __cvt
 .text.__exponent
                0x08001042       0x74 /opt/st/stm32cubeclt_1.15.1/GNU-tools-for-STM32/bin/../lib/gcc/arm-none-eabi/12.3.1/../../../../arm-none-eabi/lib/thumb/v7e-m+fp/hard/libc_nano.a(libc_a-nano-vfprintf_float.o)
                0x08001042                __exponent
 *fill*         0x080010b6        0x2 
 .text._printf_float
                0x080010b8      0x454 /opt/st/stm32cubeclt_1.15.1/GNU-tools-for-STM32/bin/../lib/gcc/arm-none-eabi/12.3.1/../../../../arm-none-eabi/lib/thumb/v7e-m+fp/hard/libc_nano.a(libc_a-nano-vfprintf_float.o)
                0x080010b8                _printf_float
 .text._printf_common
                0x0800150c       0xda /opt/st/stm32cubeclt_1.15.1/GNU-tools-for-STM32/bin/../lib/gcc/arm-none-eabi/12.3.1/../../../../arm-none-eabi/lib/thumb/v7e-m+fp/hard/libc_nano.a(libc_a-nano-vfprintf_i.o)
                0x0800150c                _printf_common
 *fill*         0x080015e6        0x2 
 .text._printf_i
                0x080015e8      0x240 /opt/st/stm32cubeclt_1.15.1/GNU-tools-for-STM32/bin/../lib/gcc/arm-none-eabi/12.3.1/../../../../arm-none-eabi/lib/thumb/v7e-m+fp/hard/libc_nano.a(libc_a-nano-vfprintf_i.o)
                0x080015e8                _printf_i
 .text.std      0x08001828       0x6c /opt/st/stm32cubeclt_1.15.1/GNU-tools-for-STM32/bin/../lib/gcc/arm-none-eabi/12.3.1/../../../../arm-none-eabi/lib/thumb/v7e-m+fp/hard/libc_nano.a(libc_a-findfp.o)
 .text.stdio_exit_handler
                0x08001894       0x18 /opt/st/stm32cubeclt_1.15.1/GNU-tools-for-STM32/bin/../lib/gcc/arm-none-eabi/12.3.1/../../../../arm-none-eabi/lib/thumb/v7e-m+fp/hard/libc_nano.a(libc_a-findfp.o)
 .text.cleanup_stdio
                0x080018ac       0x40 /opt/st/stm32cubeclt_1.15.1/GNU-tools-for-STM32/bin/../lib/gcc/arm-none-eabi/12.3.1/../../../../arm-none-eabi/lib/thumb/v7e-m+fp/hard/libc_nano.a(libc_a-findfp.o)
 .text.global_stdio_init.part.0
                0x080018ec       0x3c /opt/st/stm32cubeclt_1.15.1/GNU-tools-for-STM32/bin/../lib/gcc/arm-none-eabi/12.3.1/../../../../arm-none-eabi/lib/thumb/v7e-m+fp/hard/libc_nano.a(libc_a-findfp.o)
 .text.__sfp_lock_acquire
                0x08001928        0xc /opt/st/stm32cubeclt_1.15.1/GNU-tools-for-STM32/bin/../lib/gcc/arm-none-eabi/12.3.1/../../../../arm-none-eabi/lib/thumb/v7e-m+fp/hard/libc_nano.a(libc_a-findfp.o)
                0x08001928                __sfp_lock_acquire
 .text.__sfp_lock_release
                0x08001934        0xc /opt/st/stm32cubeclt_1.15.1/GNU-tools-for-STM32/bin/../lib/gcc/arm-none-eabi/12.3.1/../../../../arm-none-eabi/lib/thumb/v7e-m+fp/hard/libc_nano.a(libc_a-findfp.o)
                0x08001934                __sfp_lock_release
 .text.__sinit  0x08001940       0x30 /opt/st/stm32cubeclt_1.15.1/GNU-tools-for-STM32/bin/../lib/gcc/arm-none-eabi/12.3.1/../../../../arm-none-eabi/lib/thumb/v7e-m+fp/hard/libc_nano.a(libc_a-findfp.o)
                0x08001940                __sinit
 .text._fwalk_sglue
                0x08001970       0x3c /opt/st/stm32cubeclt_1.15.1/GNU-tools-for-STM32/bin/../lib/gcc/arm-none-eabi/12.3.1/../../../../arm-none-eabi/lib/thumb/v7e-m+fp/hard/libc_nano.a(libc_a-fwalk.o)
                0x08001970                _fwalk_sglue
 .text.__sread  0x080019ac       0x22 /opt/st/stm32cubeclt_1.15.1/GNU-tools-for-STM32/bin/../lib/gcc/arm-none-eabi/12.3.1/../../../../arm-none-eabi/lib/thumb/v7e-m+fp/hard/libc_nano.a(libc_a-stdio.o)
                0x080019ac                __sread
 .text.__swrite
                0x080019ce       0x38 /opt/st/stm32cubeclt_1.15.1/GNU-tools-for-STM32/bin/../lib/gcc/arm-none-eabi/12.3.1/../../../../arm-none-eabi/lib/thumb/v7e-m+fp/hard/libc_nano.a(libc_a-stdio.o)
                0x080019ce                __swrite
 .text.__sseek  0x08001a06       0x24 /opt/st/stm32cubeclt_1.15.1/GNU-tools-for-STM32/bin/../lib/gcc/arm-none-eabi/12.3.1/../../../../arm-none-eabi/lib/thumb/v7e-m+fp/hard/libc_nano.a(libc_a-stdio.o)
                0x08001a06                __sseek
 .text.__sclose
                0x08001a2a        0x8 /opt/st/stm32cubeclt_1.15.1/GNU-tools-for-STM32/bin/../lib/gcc/arm-none-eabi/12.3.1/../../../../arm-none-eabi/lib/thumb/v7e-m+fp/hard/libc_nano.a(libc_a-stdio.o)
                0x08001a2a                __sclose
 .text.memset   0x08001a32       0x10 /opt/st/stm32cubeclt_1.15.1/GNU-tools-for-STM32/bin/../lib/gcc/arm-none-eabi/12.3.1/../../../../arm-none-eabi/lib/thumb/v7e-m+fp/hard/libc_nano.a(libc_a-memset.o)
                0x08001a32                memset
 *fill*         0x08001a42        0x2 
 .text._localeconv_r
                0x08001a44        0x8 /opt/st/stm32cubeclt_1.15.1/GNU-tools-for-STM32/bin/../lib/gcc/arm-none-eabi/12.3.1/../../../../arm-none-eabi/lib/thumb/v7e-m+fp/hard/libc_nano.a(libc_a-localeconv.o)
                0x08001a44                _localeconv_r
 .text._close_r
                0x08001a4c       0x20 /opt/st/stm32cubeclt_1.15.1/GNU-tools-for-STM32/bin/../lib/gcc/arm-none-eabi/12.3.1/../../../../arm-none-eabi/lib/thumb/v7e-m+fp/hard/libc_nano.a(libc_a-closer.o)
                0x08001a4c                _close_r
 .text._lseek_r
                0x08001a6c       0x24 /opt/st/stm32cubeclt_1.15.1/GNU-tools-for-STM32/bin/../lib/gcc/arm-none-eabi/12.3.1/../../../../arm-none-eabi/lib/thumb/v7e-m+fp/hard/libc_nano.a(libc_a-lseekr.o)
                0x08001a6c                _lseek_r
 .text._read_r  0x08001a90       0x24 /opt/st/stm32cubeclt_1.15.1/GNU-tools-for-STM32/bin/../lib/gcc/arm-none-eabi/12.3.1/../../../../arm-none-eabi/lib/thumb/v7e-m+fp/hard/libc_nano.a(libc_a-readr.o)
                0x08001a90                _read_r
 .text._write_r
                0x08001ab4       0x24 /opt/st/stm32cubeclt_1.15.1/GNU-tools-for-STM32/bin/../lib/gcc/arm-none-eabi/12.3.1/../../../../arm-none-eabi/lib/thumb/v7e-m+fp/hard/libc_nano.a(libc_a-writer.o)
                0x08001ab4                _write_r
 .text.__libc_init_array
                0x08001ad8       0x48 /opt/st/stm32cubeclt_1.15.1/GNU-tools-for-STM32/bin/../lib/gcc/arm-none-eabi/12.3.1/../../../../arm-none-eabi/lib/thumb/v7e-m+fp/hard/libc_nano.a(libc_a-init.o)
                0x08001ad8                __libc_init_array
 .text.__retarget_lock_init_recursive
                0x08001b20        0x2 /opt/st/stm32cubeclt_1.15.1/GNU-tools-for-STM32/bin/../lib/gcc/arm-none-eabi/12.3.1/../../../../arm-none-eabi/lib/thumb/v7e-m+fp/hard/libc_nano.a(libc_a-lock.o)
                0x08001b20                __retarget_lock_init_recursive
 .text.__retarget_lock_acquire_recursive
                0x08001b22        0x2 /opt/st/stm32cubeclt_1.15.1/GNU-tools-for-STM32/bin/../lib/gcc/arm-none-eabi/12.3.1/../../../../arm-none-eabi/lib/thumb/v7e-m+fp/hard/libc_nano.a(libc_a-lock.o)
                0x08001b22                __retarget_lock_acquire_recursive
 .text.__retarget_lock_release_recursive
                0x08001b24        0x2 /opt/st/stm32cubeclt_1.15.1/GNU-tools-for-STM32/bin/../lib/gcc/arm-none-eabi/12.3.1/../../../../arm-none-eabi/lib/thumb/v7e-m+fp/hard/libc_nano.a(libc_a-lock.o)
                0x08001b24                __retarget_lock_release_recursive
 .text.quorem   0x08001b26      0x110 /opt/st/stm32cubeclt_1.15.1/GNU-tools-for-STM32/bin/../lib/gcc/arm-none-eabi/12.3.1/../../../../arm-none-eabi/lib/thumb/v7e-m+fp/hard/libc_nano.a(libc_a-dtoa.o)
 *fill*         0x08001c36        0x2 
 .text._dtoa_r  0x08001c38      0xb88 /opt/st/stm32cubeclt_1.15.1/GNU-tools-for-STM32/bin/../lib/gcc/arm-none-eabi/12.3.1/../../../../arm-none-eabi/lib/thumb/v7e-m+fp/hard/libc_nano.a(libc_a-dtoa.o)
                0x08001c38                _dtoa_r
 .text._free_r  0x080027c0       0x94 /opt/st/stm32cubeclt_1.15.1/GNU-tools-for-STM32/bin/../lib/gcc/arm-none-eabi/12.3.1/../../../../arm-none-eabi/lib/thumb/v7e-m+fp/hard/libc_nano.a(libc_a-freer.o)
                0x080027c0                _free_r
 .text.malloc   0x08002854       0x10 /opt/st/stm32cubeclt_1.15.1/GNU-tools-for-STM32/bin/../lib/gcc/arm-none-eabi/12.3.1/../../../../arm-none-eabi/lib/thumb/v7e-m+fp/hard/libc_nano.a(libc_a-malloc.o)
                0x08002854                malloc
 .text.sbrk_aligned
                0x08002864       0x44 /opt/st/stm32cubeclt_1.15.1/GNU-tools-for-STM32/bin/../lib/gcc/arm-none-eabi/12.3.1/../../../../arm-none-eabi/lib/thumb/v7e-m+fp/hard/libc_nano.a(libc_a-mallocr.o)
 .text._malloc_r
                0x080028a8      0x100 /opt/st/stm32cubeclt_1.15.1/GNU-tools-for-STM32/bin/../lib/gcc/arm-none-eabi/12.3.1/../../../../arm-none-eabi/lib/thumb/v7e-m+fp/hard/libc_nano.a(libc_a-mallocr.o)
                0x080028a8                _malloc_r
 .text.__malloc_lock
                0x080029a8        0xc /opt/st/stm32cubeclt_1.15.1/GNU-tools-for-STM32/bin/../lib/gcc/arm-none-eabi/12.3.1/../../../../arm-none-eabi/lib/thumb/v7e-m+fp/hard/libc_nano.a(libc_a-mlock.o)
                0x080029a8                __malloc_lock
 .text.__malloc_unlock
                0x080029b4        0xc /opt/st/stm32cubeclt_1.15.1/GNU-tools-for-STM32/bin/../lib/gcc/arm-none-eabi/12.3.1/../../../../arm-none-eabi/lib/thumb/v7e-m+fp/hard/libc_nano.a(libc_a-mlock.o)
                0x080029b4                __malloc_unlock
 .text._Balloc  0x080029c0       0x80 /opt/st/stm32cubeclt_1.15.1/GNU-tools-for-STM32/bin/../lib/gcc/arm-none-eabi/12.3.1/../../../../arm-none-eabi/lib/thumb/v7e-m+fp/hard/libc_nano.a(libc_a-mprec.o)
                0x080029c0                _Balloc
 .text._Bfree   0x08002a40       0x44 /opt/st/stm32cubeclt_1.15.1/GNU-tools-for-STM32/bin/../lib/gcc/arm-none-eabi/12.3.1/../../../../arm-none-eabi/lib/thumb/v7e-m+fp/hard/libc_nano.a(libc_a-mprec.o)
                0x08002a40                _Bfree
 .text.__multadd
                0x08002a84       0x8c /opt/st/stm32cubeclt_1.15.1/GNU-tools-for-STM32/bin/../lib/gcc/arm-none-eabi/12.3.1/../../../../arm-none-eabi/lib/thumb/v7e-m+fp/hard/libc_nano.a(libc_a-mprec.o)
                0x08002a84                __multadd
 .text.__hi0bits
                0x08002b10       0x3e /opt/st/stm32cubeclt_1.15.1/GNU-tools-for-STM32/bin/../lib/gcc/arm-none-eabi/12.3.1/../../../../arm-none-eabi/lib/thumb/v7e-m+fp/hard/libc_nano.a(libc_a-mprec.o)
                0x08002b10                __hi0bits
 .text.__lo0bits
                0x08002b4e       0x5a /opt/st/stm32cubeclt_1.15.1/GNU-tools-for-STM32/bin/../lib/gcc/arm-none-eabi/12.3.1/../../../../arm-none-eabi/lib/thumb/v7e-m+fp/hard/libc_nano.a(libc_a-mprec.o)
                0x08002b4e                __lo0bits
 .text.__i2b    0x08002ba8       0x2c /opt/st/stm32cubeclt_1.15.1/GNU-tools-for-STM32/bin/../lib/gcc/arm-none-eabi/12.3.1/../../../../arm-none-eabi/lib/thumb/v7e-m+fp/hard/libc_nano.a(libc_a-mprec.o)
                0x08002ba8                __i2b
 .text.__multiply
                0x08002bd4      0x154 /opt/st/stm32cubeclt_1.15.1/GNU-tools-for-STM32/bin/../lib/gcc/arm-none-eabi/12.3.1/../../../../arm-none-eabi/lib/thumb/v7e-m+fp/hard/libc_nano.a(libc_a-mprec.o)
                0x08002bd4                __multiply
 .text.__pow5mult
                0x08002d28       0xb4 /opt/st/stm32cubeclt_1.15.1/GNU-tools-for-STM32/bin/../lib/gcc/arm-none-eabi/12.3.1/../../../../arm-none-eabi/lib/thumb/v7e-m+fp/hard/libc_nano.a(libc_a-mprec.o)
                0x08002d28                __pow5mult
 .text.__lshift
                0x08002ddc       0xd8 /opt/st/stm32cubeclt_1.15.1/GNU-tools-for-STM32/bin/../lib/gcc/arm-none-eabi/12.3.1/../../../../arm-none-eabi/lib/thumb/v7e-m+fp/hard/libc_nano.a(libc_a-mprec.o)
                0x08002ddc                __lshift
 .text.__mcmp   0x08002eb4       0x36 /opt/st/stm32cubeclt_1.15.1/GNU-tools-for-STM32/bin/../lib/gcc/arm-none-eabi/12.3.1/../../../../arm-none-eabi/lib/thumb/v7e-m+fp/hard/libc_nano.a(libc_a-mprec.o)
                0x08002eb4                __mcmp
 *fill*         0x08002eea        0x2 
 .text.__mdiff  0x08002eec      0x128 /opt/st/stm32cubeclt_1.15.1/GNU-tools-for-STM32/bin/../lib/gcc/arm-none-eabi/12.3.1/../../../../arm-none-eabi/lib/thumb/v7e-m+fp/hard/libc_nano.a(libc_a-mprec.o)
                0x08002eec                __mdiff
 .text.__d2b    0x08003014       0xb0 /opt/st/stm32cubeclt_1.15.1/GNU-tools-for-STM32/bin/../lib/gcc/arm-none-eabi/12.3.1/../../../../arm-none-eabi/lib/thumb/v7e-m+fp/hard/libc_nano.a(libc_a-mprec.o)
                0x08003014                __d2b
 .text.__sflush_r
                0x080030c4      0x108 /opt/st/stm32cubeclt_1.15.1/GNU-tools-for-STM32/bin/../lib/gcc/arm-none-eabi/12.3.1/../../../../arm-none-eabi/lib/thumb/v7e-m+fp/hard/libc_nano.a(libc_a-fflush.o)
                0x080030c4                __sflush_r
 .text._fflush_r
                0x080031cc       0x50 /opt/st/stm32cubeclt_1.15.1/GNU-tools-for-STM32/bin/../lib/gcc/arm-none-eabi/12.3.1/../../../../arm-none-eabi/lib/thumb/v7e-m+fp/hard/libc_nano.a(libc_a-fflush.o)
                0x080031cc                _fflush_r
 .text._sbrk_r  0x0800321c       0x20 /opt/st/stm32cubeclt_1.15.1/GNU-tools-for-STM32/bin/../lib/gcc/arm-none-eabi/12.3.1/../../../../arm-none-eabi/lib/thumb/v7e-m+fp/hard/libc_nano.a(libc_a-sbrkr.o)
                0x0800321c                _sbrk_r
 .text.memcpy   0x0800323c       0x1c /opt/st/stm32cubeclt_1.15.1/GNU-tools-for-STM32/bin/../lib/gcc/arm-none-eabi/12.3.1/../../../../arm-none-eabi/lib/thumb/v7e-m+fp/hard/libc_nano.a(libc_a-memcpy-stub.o)
                0x0800323c                memcpy
 .text.__assert_func
                0x08003258       0x3c /opt/st/stm32cubeclt_1.15.1/GNU-tools-for-STM32/bin/../lib/gcc/arm-none-eabi/12.3.1/../../../../arm-none-eabi/lib/thumb/v7e-m+fp/hard/libc_nano.a(libc_a-assert.o)
                0x08003258                __assert_func
 .text._calloc_r
                0x08003294       0x28 /opt/st/stm32cubeclt_1.15.1/GNU-tools-for-STM32/bin/../lib/gcc/arm-none-eabi/12.3.1/../../../../arm-none-eabi/lib/thumb/v7e-m+fp/hard/libc_nano.a(libc_a-callocr.o)
                0x08003294                _calloc_r
 .text.__ascii_mbtowc
                0x080032bc       0x24 /opt/st/stm32cubeclt_1.15.1/GNU-tools-for-STM32/bin/../lib/gcc/arm-none-eabi/12.3.1/../../../../arm-none-eabi/lib/thumb/v7e-m+fp/hard/libc_nano.a(libc_a-mbtowc_r.o)
                0x080032bc                __ascii_mbtowc
 .text.__ascii_wctomb
                0x080032e0       0x1a /opt/st/stm32cubeclt_1.15.1/GNU-tools-for-STM32/bin/../lib/gcc/arm-none-eabi/12.3.1/../../../../arm-none-eabi/lib/thumb/v7e-m+fp/hard/libc_nano.a(libc_a-wctomb_r.o)
                0x080032e0                __ascii_wctomb
 *fill*         0x080032fa        0x2 
 .text.fprintf  0x080032fc       0x24 /opt/st/stm32cubeclt_1.15.1/GNU-tools-for-STM32/bin/../lib/gcc/arm-none-eabi/12.3.1/../../../../arm-none-eabi/lib/thumb/v7e-m+fp/hard/libc_nano.a(libc_a-fprintf.o)
                0x080032fc                fprintf
                0x080032fc                fiprintf
 .text.abort    0x08003320        0xe /opt/st/stm32cubeclt_1.15.1/GNU-tools-for-STM32/bin/../lib/gcc/arm-none-eabi/12.3.1/../../../../arm-none-eabi/lib/thumb/v7e-m+fp/hard/libc_nano.a(libc_a-abort.o)
                0x08003320                abort
 .text.__sfputc_r
                0x0800332e       0x2e /opt/st/stm32cubeclt_1.15.1/GNU-tools-for-STM32/bin/../lib/gcc/arm-none-eabi/12.3.1/../../../../arm-none-eabi/lib/thumb/v7e-m+fp/hard/libc_nano.a(libc_a-nano-vfprintf.o)
 .text.__sfputs_r
                0x0800335c       0x24 /opt/st/stm32cubeclt_1.15.1/GNU-tools-for-STM32/bin/../lib/gcc/arm-none-eabi/12.3.1/../../../../arm-none-eabi/lib/thumb/v7e-m+fp/hard/libc_nano.a(libc_a-nano-vfprintf.o)
                0x0800335c                __sfputs_r
 .text._vfprintf_r
                0x08003380      0x230 /opt/st/stm32cubeclt_1.15.1/GNU-tools-for-STM32/bin/../lib/gcc/arm-none-eabi/12.3.1/../../../../arm-none-eabi/lib/thumb/v7e-m+fp/hard/libc_nano.a(libc_a-nano-vfprintf.o)
                0x08003380                _vfiprintf_r
                0x08003380                _vfprintf_r
 .text.__swbuf_r
                0x080035b0       0x7c /opt/st/stm32cubeclt_1.15.1/GNU-tools-for-STM32/bin/../lib/gcc/arm-none-eabi/12.3.1/../../../../arm-none-eabi/lib/thumb/v7e-m+fp/hard/libc_nano.a(libc_a-wbuf.o)
                0x080035b0                __swbuf_r
 .text.__swsetup_r
                0x0800362c       0xac /opt/st/stm32cubeclt_1.15.1/GNU-tools-for-STM32/bin/../lib/gcc/arm-none-eabi/12.3.1/../../../../arm-none-eabi/lib/thumb/v7e-m+fp/hard/libc_nano.a(libc_a-wsetup.o)
                0x0800362c                __swsetup_r
 .text._raise_r
                0x080036d8       0x50 /opt/st/stm32cubeclt_1.15.1/GNU-tools-for-STM32/bin/../lib/gcc/arm-none-eabi/12.3.1/../../../../arm-none-eabi/lib/thumb/v7e-m+fp/hard/libc_nano.a(libc_a-signal.o)
                0x080036d8                _raise_r
 .text.raise    0x08003728       0x10 /opt/st/stm32cubeclt_1.15.1/GNU-tools-for-STM32/bin/../lib/gcc/arm-none-eabi/12.3.1/../../../../arm-none-eabi/lib/thumb/v7e-m+fp/hard/libc_nano.a(libc_a-signal.o)
                0x08003728                raise
 .text._kill_r  0x08003738       0x24 /opt/st/stm32cubeclt_1.15.1/GNU-tools-for-STM32/bin/../lib/gcc/arm-none-eabi/12.3.1/../../../../arm-none-eabi/lib/thumb/v7e-m+fp/hard/libc_nano.a(libc_a-signalr.o)
                0x08003738                _kill_r
 .text._getpid_r
                0x0800375c        0x4 /opt/st/stm32cubeclt_1.15.1/GNU-tools-for-STM32/bin/../lib/gcc/arm-none-eabi/12.3.1/../../../../arm-none-eabi/lib/thumb/v7e-m+fp/hard/libc_nano.a(libc_a-signalr.o)
                0x0800375c                _getpid_r
 .text.__swhatbuf_r
                0x08003760       0x4c /opt/st/stm32cubeclt_1.15.1/GNU-tools-for-STM32/bin/../lib/gcc/arm-none-eabi/12.3.1/../../../../arm-none-eabi/lib/thumb/v7e-m+fp/hard/libc_nano.a(libc_a-makebuf.o)
                0x08003760                __swhatbuf_r
 .text.__smakebuf_r
                0x080037ac       0x78 /opt/st/stm32cubeclt_1.15.1/GNU-tools-for-STM32/bin/../lib/gcc/arm-none-eabi/12.3.1/../../../../arm-none-eabi/lib/thumb/v7e-m+fp/hard/libc_nano.a(libc_a-makebuf.o)
                0x080037ac                __smakebuf_r
 .text._fstat_r
                0x08003824       0x24 /opt/st/stm32cubeclt_1.15.1/GNU-tools-for-STM32/bin/../lib/gcc/arm-none-eabi/12.3.1/../../../../arm-none-eabi/lib/thumb/v7e-m+fp/hard/libc_nano.a(libc_a-fstatr.o)
                0x08003824                _fstat_r
 .text._isatty_r
                0x08003848       0x20 /opt/st/stm32cubeclt_1.15.1/GNU-tools-for-STM32/bin/../lib/gcc/arm-none-eabi/12.3.1/../../../../arm-none-eabi/lib/thumb/v7e-m+fp/hard/libc_nano.a(libc_a-isattyr.o)
                0x08003848                _isatty_r
 .text.MX_GPIO_Init
                0x08003868       0xac CMakeFiles/Encoder_SPI.dir/Core/Src/gpio.c.obj
                0x08003868                MX_GPIO_Init
 *fill*         0x08003914        0x4 
 .text.update_encoder
                0x08003918      0x190 CMakeFiles/Encoder_SPI.dir/Core/Src/main.c.obj
                0x08003918                update_encoder
 .text.SystemClock_Config
                0x08003aa8       0xb0 CMakeFiles/Encoder_SPI.dir/Core/Src/main.c.obj
                0x08003aa8                SystemClock_Config
 .text.startup.main
                0x08003b58       0x44 CMakeFiles/Encoder_SPI.dir/Core/Src/main.c.obj
                0x08003b58                main
 .text.Error_Handler
                0x08003b9c        0x4 CMakeFiles/Encoder_SPI.dir/Core/Src/main.c.obj
                0x08003b9c                Error_Handler
 .text.__io_putchar
                0x08003ba0       0x20 CMakeFiles/Encoder_SPI.dir/Core/Src/printing.c.obj
                0x08003ba0                __io_putchar
 .text.MX_SPI2_Init
                0x08003bc0       0x44 CMakeFiles/Encoder_SPI.dir/Core/Src/spi.c.obj
                0x08003bc0                MX_SPI2_Init
 .text.HAL_SPI_MspInit
                0x08003c04       0xb4 CMakeFiles/Encoder_SPI.dir/Core/Src/spi.c.obj
                0x08003c04                HAL_SPI_MspInit
 .text.HAL_MspInit
                0x08003cb8       0x3c CMakeFiles/Encoder_SPI.dir/Core/Src/stm32f4xx_hal_msp.c.obj
                0x08003cb8                HAL_MspInit
 .text.NMI_Handler
                0x08003cf4        0x4 CMakeFiles/Encoder_SPI.dir/Core/Src/stm32f4xx_it.c.obj
                0x08003cf4                NMI_Handler
 .text.HardFault_Handler
                0x08003cf8        0x4 CMakeFiles/Encoder_SPI.dir/Core/Src/stm32f4xx_it.c.obj
                0x08003cf8                HardFault_Handler
 .text.MemManage_Handler
                0x08003cfc        0x4 CMakeFiles/Encoder_SPI.dir/Core/Src/stm32f4xx_it.c.obj
                0x08003cfc                MemManage_Handler
 .text.BusFault_Handler
                0x08003d00        0x4 CMakeFiles/Encoder_SPI.dir/Core/Src/stm32f4xx_it.c.obj
                0x08003d00                BusFault_Handler
 .text.UsageFault_Handler
                0x08003d04        0x4 CMakeFiles/Encoder_SPI.dir/Core/Src/stm32f4xx_it.c.obj
                0x08003d04                UsageFault_Handler
 .text.SVC_Handler
                0x08003d08        0x4 CMakeFiles/Encoder_SPI.dir/Core/Src/stm32f4xx_it.c.obj
                0x08003d08                SVC_Handler
 .text.DebugMon_Handler
                0x08003d0c        0x4 CMakeFiles/Encoder_SPI.dir/Core/Src/stm32f4xx_it.c.obj
                0x08003d0c                DebugMon_Handler
 .text.PendSV_Handler
                0x08003d10        0x4 CMakeFiles/Encoder_SPI.dir/Core/Src/stm32f4xx_it.c.obj
                0x08003d10                PendSV_Handler
 .text.SysTick_Handler
                0x08003d14        0x4 CMakeFiles/Encoder_SPI.dir/Core/Src/stm32f4xx_it.c.obj
                0x08003d14                SysTick_Handler
 .text._getpid  0x08003d18        0x4 CMakeFiles/Encoder_SPI.dir/Core/Src/syscalls.c.obj
                0x08003d18                _getpid
 .text._kill    0x08003d1c       0x10 CMakeFiles/Encoder_SPI.dir/Core/Src/syscalls.c.obj
                0x08003d1c                _kill
 .text._exit    0x08003d2c        0xc CMakeFiles/Encoder_SPI.dir/Core/Src/syscalls.c.obj
                0x08003d2c                _exit
 .text._read    0x08003d38       0x1c CMakeFiles/Encoder_SPI.dir/Core/Src/syscalls.c.obj
                0x08003d38                _read
 .text._write   0x08003d54       0x1c CMakeFiles/Encoder_SPI.dir/Core/Src/syscalls.c.obj
                0x08003d54                _write
 .text._close   0x08003d70        0x8 CMakeFiles/Encoder_SPI.dir/Core/Src/syscalls.c.obj
                0x08003d70                _close
 .text._fstat   0x08003d78        0xc CMakeFiles/Encoder_SPI.dir/Core/Src/syscalls.c.obj
                0x08003d78                _fstat
 .text._isatty  0x08003d84        0x4 CMakeFiles/Encoder_SPI.dir/Core/Src/syscalls.c.obj
                0x08003d84                _isatty
 .text._lseek   0x08003d88        0x4 CMakeFiles/Encoder_SPI.dir/Core/Src/syscalls.c.obj
                0x08003d88                _lseek
 .text._sbrk    0x08003d8c       0x44 CMakeFiles/Encoder_SPI.dir/Core/Src/sysmem.c.obj
                0x08003d8c                _sbrk
 .text.SystemInit
                0x08003dd0       0x14 CMakeFiles/Encoder_SPI.dir/Core/Src/system_stm32f4xx.c.obj
                0x08003dd0                SystemInit
 .text.MX_USART2_UART_Init
                0x08003de4       0x38 CMakeFiles/Encoder_SPI.dir/Core/Src/usart.c.obj
                0x08003de4                MX_USART2_UART_Init
 *fill*         0x08003e1c        0x4 
 .text.HAL_UART_MspInit
                0x08003e20       0x78 CMakeFiles/Encoder_SPI.dir/Core/Src/usart.c.obj
                0x08003e20                HAL_UART_MspInit
 .text.SPI_WaitFlagStateUntilTimeout
                0x08003e98       0xd4 CMakeFiles/Encoder_SPI.dir/Drivers/STM32F4xx_HAL_Driver/Src/stm32f4xx_hal_spi.c.obj
 .text.SPI_EndRxTxTransaction
                0x08003f6c       0x88 CMakeFiles/Encoder_SPI.dir/Drivers/STM32F4xx_HAL_Driver/Src/stm32f4xx_hal_spi.c.obj
 .text.HAL_SPI_Init
                0x08003ff4       0xc4 CMakeFiles/Encoder_SPI.dir/Drivers/STM32F4xx_HAL_Driver/Src/stm32f4xx_hal_spi.c.obj
                0x08003ff4                HAL_SPI_Init
 .text.HAL_SPI_TransmitReceive
                0x080040b8      0x260 CMakeFiles/Encoder_SPI.dir/Drivers/STM32F4xx_HAL_Driver/Src/stm32f4xx_hal_spi.c.obj
                0x080040b8                HAL_SPI_TransmitReceive
 .text.HAL_SPI_GetState
                0x08004318        0x8 CMakeFiles/Encoder_SPI.dir/Drivers/STM32F4xx_HAL_Driver/Src/stm32f4xx_hal_spi.c.obj
                0x08004318                HAL_SPI_GetState
 .text.HAL_RCC_ClockConfig
                0x08004320      0x13c CMakeFiles/Encoder_SPI.dir/Drivers/STM32F4xx_HAL_Driver/Src/stm32f4xx_hal_rcc.c.obj
                0x08004320                HAL_RCC_ClockConfig
 .text.HAL_RCC_GetPCLK1Freq
                0x0800445c       0x20 CMakeFiles/Encoder_SPI.dir/Drivers/STM32F4xx_HAL_Driver/Src/stm32f4xx_hal_rcc.c.obj
                0x0800445c                HAL_RCC_GetPCLK1Freq
 .text.HAL_RCC_GetPCLK2Freq
                0x0800447c       0x20 CMakeFiles/Encoder_SPI.dir/Drivers/STM32F4xx_HAL_Driver/Src/stm32f4xx_hal_rcc.c.obj
                0x0800447c                HAL_RCC_GetPCLK2Freq
 .text.HAL_RCC_GetSysClockFreq
                0x0800449c       0xac CMakeFiles/Encoder_SPI.dir/Drivers/STM32F4xx_HAL_Driver/Src/stm32f4xx_hal_rcc_ex.c.obj
                0x0800449c                HAL_RCC_GetSysClockFreq
 .text.HAL_RCC_OscConfig
                0x08004548      0x408 CMakeFiles/Encoder_SPI.dir/Drivers/STM32F4xx_HAL_Driver/Src/stm32f4xx_hal_rcc_ex.c.obj
                0x08004548                HAL_RCC_OscConfig
 .text.HAL_GPIO_Init
                0x08004950      0x220 CMakeFiles/Encoder_SPI.dir/Drivers/STM32F4xx_HAL_Driver/Src/stm32f4xx_hal_gpio.c.obj
                0x08004950                HAL_GPIO_Init
 .text.HAL_GPIO_WritePin
                0x08004b70        0x8 CMakeFiles/Encoder_SPI.dir/Drivers/STM32F4xx_HAL_Driver/Src/stm32f4xx_hal_gpio.c.obj
                0x08004b70                HAL_GPIO_WritePin
 .text.HAL_GPIO_TogglePin
                0x08004b78       0x14 CMakeFiles/Encoder_SPI.dir/Drivers/STM32F4xx_HAL_Driver/Src/stm32f4xx_hal_gpio.c.obj
                0x08004b78                HAL_GPIO_TogglePin
 .text.HAL_PWREx_EnableOverDrive
                0x08004b8c       0x78 CMakeFiles/Encoder_SPI.dir/Drivers/STM32F4xx_HAL_Driver/Src/stm32f4xx_hal_pwr_ex.c.obj
                0x08004b8c                HAL_PWREx_EnableOverDrive
 .text.HAL_NVIC_SetPriorityGrouping
                0x08004c04       0x24 CMakeFiles/Encoder_SPI.dir/Drivers/STM32F4xx_HAL_Driver/Src/stm32f4xx_hal_cortex.c.obj
                0x08004c04                HAL_NVIC_SetPriorityGrouping
 .text.HAL_NVIC_SetPriority
                0x08004c28       0x78 CMakeFiles/Encoder_SPI.dir/Drivers/STM32F4xx_HAL_Driver/Src/stm32f4xx_hal_cortex.c.obj
                0x08004c28                HAL_NVIC_SetPriority
 .text.HAL_SYSTICK_Config
                0x08004ca0       0x34 CMakeFiles/Encoder_SPI.dir/Drivers/STM32F4xx_HAL_Driver/Src/stm32f4xx_hal_cortex.c.obj
                0x08004ca0                HAL_SYSTICK_Config
 .text.HAL_InitTick
                0x08004cd4       0x48 CMakeFiles/Encoder_SPI.dir/Drivers/STM32F4xx_HAL_Driver/Src/stm32f4xx_hal.c.obj
                0x08004cd4                HAL_InitTick
 .text.HAL_Init
                0x08004d1c       0x34 CMakeFiles/Encoder_SPI.dir/Drivers/STM32F4xx_HAL_Driver/Src/stm32f4xx_hal.c.obj
                0x08004d1c                HAL_Init
 .text.HAL_IncTick
                0x08004d50       0x18 CMakeFiles/Encoder_SPI.dir/Drivers/STM32F4xx_HAL_Driver/Src/stm32f4xx_hal.c.obj
                0x08004d50                HAL_IncTick
 .text.HAL_GetTick
                0x08004d68        0xc CMakeFiles/Encoder_SPI.dir/Drivers/STM32F4xx_HAL_Driver/Src/stm32f4xx_hal.c.obj
                0x08004d68                HAL_GetTick
 .text.HAL_Delay
                0x08004d74       0x24 CMakeFiles/Encoder_SPI.dir/Drivers/STM32F4xx_HAL_Driver/Src/stm32f4xx_hal.c.obj
                0x08004d74                HAL_Delay
 .text.HAL_UART_Init
                0x08004d98      0x124 CMakeFiles/Encoder_SPI.dir/Drivers/STM32F4xx_HAL_Driver/Src/stm32f4xx_hal_uart.c.obj
                0x08004d98                HAL_UART_Init
 .text.HAL_UART_Transmit
                0x08004ebc       0xdc CMakeFiles/Encoder_SPI.dir/Drivers/STM32F4xx_HAL_Driver/Src/stm32f4xx_hal_uart.c.obj
                0x08004ebc                HAL_UART_Transmit
 .text.Reset_Handler
                0x08004f98       0x50 CMakeFiles/Encoder_SPI.dir/startup_stm32f446xx.s.obj
                0x08004f98                Reset_Handler
 .text.Default_Handler
                0x08004fe8        0x2 CMakeFiles/Encoder_SPI.dir/startup_stm32f446xx.s.obj
                0x08004fe8                RTC_Alarm_IRQHandler
                0x08004fe8                EXTI2_IRQHandler
                0x08004fe8                TIM8_CC_IRQHandler
                0x08004fe8                FMPI2C1_EV_IRQHandler
                0x08004fe8                SPI4_IRQHandler
                0x08004fe8                TIM1_CC_IRQHandler
                0x08004fe8                DMA2_Stream5_IRQHandler
                0x08004fe8                DMA1_Stream5_IRQHandler
                0x08004fe8                PVD_IRQHandler
                0x08004fe8                SDIO_IRQHandler
                0x08004fe8                TAMP_STAMP_IRQHandler
                0x08004fe8                CAN2_RX1_IRQHandler
                0x08004fe8                EXTI3_IRQHandler
                0x08004fe8                TIM8_TRG_COM_TIM14_IRQHandler
                0x08004fe8                TIM1_UP_TIM10_IRQHandler
                0x08004fe8                TIM8_UP_TIM13_IRQHandler
                0x08004fe8                I2C3_ER_IRQHandler
                0x08004fe8                EXTI0_IRQHandler
                0x08004fe8                I2C2_EV_IRQHandler
                0x08004fe8                DMA1_Stream2_IRQHandler
                0x08004fe8                CAN1_RX0_IRQHandler
                0x08004fe8                FPU_IRQHandler
                0x08004fe8                OTG_HS_WKUP_IRQHandler
                0x08004fe8                CAN2_SCE_IRQHandler
                0x08004fe8                DMA2_Stream2_IRQHandler
                0x08004fe8                SPI1_IRQHandler
                0x08004fe8                TIM6_DAC_IRQHandler
                0x08004fe8                TIM1_BRK_TIM9_IRQHandler
                0x08004fe8                DCMI_IRQHandler
                0x08004fe8                CAN2_RX0_IRQHandler
                0x08004fe8                DMA2_Stream3_IRQHandler
                0x08004fe8                SAI2_IRQHandler
                0x08004fe8                USART6_IRQHandler
                0x08004fe8                USART3_IRQHandler
                0x08004fe8                CAN1_RX1_IRQHandler
                0x08004fe8                UART5_IRQHandler
                0x08004fe8                DMA2_Stream0_IRQHandler
                0x08004fe8                TIM4_IRQHandler
                0x08004fe8                QUADSPI_IRQHandler
                0x08004fe8                I2C1_EV_IRQHandler
                0x08004fe8                DMA1_Stream6_IRQHandler
                0x08004fe8                DMA1_Stream1_IRQHandler
                0x08004fe8                UART4_IRQHandler
                0x08004fe8                TIM3_IRQHandler
                0x08004fe8                RCC_IRQHandler
                0x08004fe8                TIM8_BRK_TIM12_IRQHandler
                0x08004fe8                Default_Handler
                0x08004fe8                CEC_IRQHandler
                0x08004fe8                EXTI15_10_IRQHandler
                0x08004fe8                ADC_IRQHandler
                0x08004fe8                DMA1_Stream7_IRQHandler
                0x08004fe8                TIM7_IRQHandler
                0x08004fe8                CAN2_TX_IRQHandler
                0x08004fe8                TIM5_IRQHandler
                0x08004fe8                DMA2_Stream7_IRQHandler
                0x08004fe8                I2C3_EV_IRQHandler
                0x08004fe8                EXTI9_5_IRQHandler
                0x08004fe8                RTC_WKUP_IRQHandler
                0x08004fe8                SPDIF_RX_IRQHandler
                0x08004fe8                SPI2_IRQHandler
                0x08004fe8                OTG_HS_EP1_IN_IRQHandler
                0x08004fe8                DMA1_Stream0_IRQHandler
                0x08004fe8                CAN1_TX_IRQHandler
                0x08004fe8                FMPI2C1_ER_IRQHandler
                0x08004fe8                EXTI4_IRQHandler
                0x08004fe8                OTG_HS_EP1_OUT_IRQHandler
                0x08004fe8                WWDG_IRQHandler
                0x08004fe8                TIM2_IRQHandler
                0x08004fe8                OTG_FS_WKUP_IRQHandler
                0x08004fe8                TIM1_TRG_COM_TIM11_IRQHandler
                0x08004fe8                OTG_HS_IRQHandler
                0x08004fe8                EXTI1_IRQHandler
                0x08004fe8                USART2_IRQHandler
                0x08004fe8                I2C2_ER_IRQHandler
                0x08004fe8                DMA2_Stream1_IRQHandler
                0x08004fe8                CAN1_SCE_IRQHandler
                0x08004fe8                FLASH_IRQHandler
                0x08004fe8                DMA2_Stream4_IRQHandler
                0x08004fe8                USART1_IRQHandler
                0x08004fe8                OTG_FS_IRQHandler
                0x08004fe8                SPI3_IRQHandler
                0x08004fe8                DMA1_Stream4_IRQHandler
                0x08004fe8                I2C1_ER_IRQHandler
                0x08004fe8                FMC_IRQHandler
                0x08004fe8                DMA2_Stream6_IRQHandler
                0x08004fe8                SAI1_IRQHandler
                0x08004fe8                DMA1_Stream3_IRQHandler
 *fill*         0x08004fea        0x2 
 .text.printf   0x08004fec       0x24 /opt/st/stm32cubeclt_1.15.1/GNU-tools-for-STM32/bin/../lib/gcc/arm-none-eabi/12.3.1/../../../../arm-none-eabi/lib/thumb/v7e-m+fp/hard/libg_nano.a(libc_a-printf.o)
                0x08004fec                printf
                0x08004fec                iprintf
 .text.__errno  0x08005010        0xc /opt/st/stm32cubeclt_1.15.1/GNU-tools-for-STM32/bin/../lib/gcc/arm-none-eabi/12.3.1/../../../../arm-none-eabi/lib/thumb/v7e-m+fp/hard/libg_nano.a(libc_a-errno.o)
                0x08005010                __errno
 *(.glue_7)
 .glue_7        0x0800501c        0x0 linker stubs
 *(.glue_7t)
 .glue_7t       0x0800501c        0x0 linker stubs
 *(.eh_frame)
 .eh_frame      0x0800501c        0x0 /opt/st/stm32cubeclt_1.15.1/GNU-tools-for-STM32/bin/../lib/gcc/arm-none-eabi/12.3.1/thumb/v7e-m+fp/hard/crtbegin.o
 *(.init)
 .init          0x0800501c        0x4 /opt/st/stm32cubeclt_1.15.1/GNU-tools-for-STM32/bin/../lib/gcc/arm-none-eabi/12.3.1/thumb/v7e-m+fp/hard/crti.o
                0x0800501c                _init
 .init          0x08005020        0x8 /opt/st/stm32cubeclt_1.15.1/GNU-tools-for-STM32/bin/../lib/gcc/arm-none-eabi/12.3.1/thumb/v7e-m+fp/hard/crtn.o
 *(.fini)
 .fini          0x08005028        0x4 /opt/st/stm32cubeclt_1.15.1/GNU-tools-for-STM32/bin/../lib/gcc/arm-none-eabi/12.3.1/thumb/v7e-m+fp/hard/crti.o
                0x08005028                _fini
 .fini          0x0800502c        0x8 /opt/st/stm32cubeclt_1.15.1/GNU-tools-for-STM32/bin/../lib/gcc/arm-none-eabi/12.3.1/thumb/v7e-m+fp/hard/crtn.o
                0x08005034                        . = ALIGN (0x4)
                0x08005034                        _etext = .

.vfp11_veneer   0x08005034        0x0
 .vfp11_veneer  0x08005034        0x0 linker stubs

.v4_bx          0x08005034        0x0
 .v4_bx         0x08005034        0x0 linker stubs

.iplt           0x08005034        0x0
 .iplt          0x08005034        0x0 /opt/st/stm32cubeclt_1.15.1/GNU-tools-for-STM32/bin/../lib/gcc/arm-none-eabi/12.3.1/thumb/v7e-m+fp/hard/crtbegin.o

.rodata         0x08005038      0x398
                0x08005038                        . = ALIGN (0x4)
 *(.rodata)
 *(.rodata*)
 .rodata._printf_float.str1.1
                0x08005038       0x12 /opt/st/stm32cubeclt_1.15.1/GNU-tools-for-STM32/bin/../lib/gcc/arm-none-eabi/12.3.1/../../../../arm-none-eabi/lib/thumb/v7e-m+fp/hard/libc_nano.a(libc_a-nano-vfprintf_float.o)
 .rodata._printf_i.str1.1
                0x0800504a       0x22 /opt/st/stm32cubeclt_1.15.1/GNU-tools-for-STM32/bin/../lib/gcc/arm-none-eabi/12.3.1/../../../../arm-none-eabi/lib/thumb/v7e-m+fp/hard/libc_nano.a(libc_a-nano-vfprintf_i.o)
 .rodata._dtoa_r.str1.1
                0x0800506c       0x8d /opt/st/stm32cubeclt_1.15.1/GNU-tools-for-STM32/bin/../lib/gcc/arm-none-eabi/12.3.1/../../../../arm-none-eabi/lib/thumb/v7e-m+fp/hard/libc_nano.a(libc_a-dtoa.o)
                                 0x8f (size before relaxing)
 .rodata._Balloc.str1.1
                0x080050f9       0x59 /opt/st/stm32cubeclt_1.15.1/GNU-tools-for-STM32/bin/../lib/gcc/arm-none-eabi/12.3.1/../../../../arm-none-eabi/lib/thumb/v7e-m+fp/hard/libc_nano.a(libc_a-mprec.o)
                                 0x70 (size before relaxing)
 .rodata.__multadd.str1.1
                0x08005152       0x11 /opt/st/stm32cubeclt_1.15.1/GNU-tools-for-STM32/bin/../lib/gcc/arm-none-eabi/12.3.1/../../../../arm-none-eabi/lib/thumb/v7e-m+fp/hard/libc_nano.a(libc_a-mprec.o)
 *fill*         0x08005152        0x2 
 .rodata.p05.0  0x08005154        0xc /opt/st/stm32cubeclt_1.15.1/GNU-tools-for-STM32/bin/../lib/gcc/arm-none-eabi/12.3.1/../../../../arm-none-eabi/lib/thumb/v7e-m+fp/hard/libc_nano.a(libc_a-mprec.o)
 .rodata.__mprec_bigtens
                0x08005160       0x28 /opt/st/stm32cubeclt_1.15.1/GNU-tools-for-STM32/bin/../lib/gcc/arm-none-eabi/12.3.1/../../../../arm-none-eabi/lib/thumb/v7e-m+fp/hard/libc_nano.a(libc_a-mprec.o)
                0x08005160                __mprec_bigtens
 .rodata.__mprec_tens
                0x08005188       0xc8 /opt/st/stm32cubeclt_1.15.1/GNU-tools-for-STM32/bin/../lib/gcc/arm-none-eabi/12.3.1/../../../../arm-none-eabi/lib/thumb/v7e-m+fp/hard/libc_nano.a(libc_a-mprec.o)
                0x08005188                __mprec_tens
 .rodata._setlocale_r.str1.1
                0x08005250        0x8 /opt/st/stm32cubeclt_1.15.1/GNU-tools-for-STM32/bin/../lib/gcc/arm-none-eabi/12.3.1/../../../../arm-none-eabi/lib/thumb/v7e-m+fp/hard/libc_nano.a(libc_a-locale.o)
                                  0x9 (size before relaxing)
 .rodata.str1.1
                0x08005258        0x2 /opt/st/stm32cubeclt_1.15.1/GNU-tools-for-STM32/bin/../lib/gcc/arm-none-eabi/12.3.1/../../../../arm-none-eabi/lib/thumb/v7e-m+fp/hard/libc_nano.a(libc_a-locale.o)
 .rodata.__assert_func.str1.1
                0x0800525a       0x3c /opt/st/stm32cubeclt_1.15.1/GNU-tools-for-STM32/bin/../lib/gcc/arm-none-eabi/12.3.1/../../../../arm-none-eabi/lib/thumb/v7e-m+fp/hard/libc_nano.a(libc_a-assert.o)
                                 0x3d (size before relaxing)
 .rodata._ctype_
                0x08005296      0x101 /opt/st/stm32cubeclt_1.15.1/GNU-tools-for-STM32/bin/../lib/gcc/arm-none-eabi/12.3.1/../../../../arm-none-eabi/lib/thumb/v7e-m+fp/hard/libc_nano.a(libc_a-ctype_.o)
                0x08005296                _ctype_
 .rodata._vfprintf_r.str1.1
                0x08005397       0x11 /opt/st/stm32cubeclt_1.15.1/GNU-tools-for-STM32/bin/../lib/gcc/arm-none-eabi/12.3.1/../../../../arm-none-eabi/lib/thumb/v7e-m+fp/hard/libc_nano.a(libc_a-nano-vfprintf.o)
 .rodata.main.str1.4
                0x080053a8        0xf CMakeFiles/Encoder_SPI.dir/Core/Src/main.c.obj
 *fill*         0x080053b7        0x1 
 .rodata.APBPrescTable
                0x080053b8        0x8 CMakeFiles/Encoder_SPI.dir/Core/Src/system_stm32f4xx.c.obj
                0x080053b8                APBPrescTable
 .rodata.AHBPrescTable
                0x080053c0       0x10 CMakeFiles/Encoder_SPI.dir/Core/Src/system_stm32f4xx.c.obj
                0x080053c0                AHBPrescTable
                0x080053d0                        . = ALIGN (0x4)

.ARM.extab
 *(.ARM.extab* .gnu.linkonce.armextab.*)

.ARM            0x080053d0        0x8
                0x080053d0                        __exidx_start = .
 *(.ARM.exidx*)
 .ARM.exidx     0x080053d0        0x8 /opt/st/stm32cubeclt_1.15.1/GNU-tools-for-STM32/bin/../lib/gcc/arm-none-eabi/12.3.1/../../../../arm-none-eabi/lib/thumb/v7e-m+fp/hard/libc_nano.a(libc_a-memchr.o)
 .ARM.exidx     0x080053d8        0x0 /opt/st/stm32cubeclt_1.15.1/GNU-tools-for-STM32/bin/../lib/gcc/arm-none-eabi/12.3.1/../../../../arm-none-eabi/lib/thumb/v7e-m+fp/hard/libc_nano.a(libc_a-strlen.o)
                                  0x8 (size before relaxing)
 .ARM.exidx     0x080053d8        0x0 /opt/st/stm32cubeclt_1.15.1/GNU-tools-for-STM32/bin/../lib/gcc/arm-none-eabi/12.3.1/thumb/v7e-m+fp/hard/libgcc.a(_udivmoddi4.o)
                                  0x8 (size before relaxing)
                0x080053d8                        __exidx_end = .

.rel.dyn        0x080053d8        0x0
 .rel.iplt      0x080053d8        0x0 /opt/st/stm32cubeclt_1.15.1/GNU-tools-for-STM32/bin/../lib/gcc/arm-none-eabi/12.3.1/thumb/v7e-m+fp/hard/crtbegin.o

.preinit_array  0x080053d8        0x0
                0x080053d8                        PROVIDE (__preinit_array_start = .)
 *(.preinit_array*)
                0x080053d8                        PROVIDE (__preinit_array_end = .)

.init_array     0x080053d8        0x4
                0x080053d8                        PROVIDE (__init_array_start = .)
 *(SORT_BY_NAME(.init_array.*))
 *(.init_array*)
 .init_array    0x080053d8        0x4 /opt/st/stm32cubeclt_1.15.1/GNU-tools-for-STM32/bin/../lib/gcc/arm-none-eabi/12.3.1/thumb/v7e-m+fp/hard/crtbegin.o
                0x080053dc                        PROVIDE (__init_array_end = .)

.fini_array     0x080053dc        0x4
                [!provide]                        PROVIDE (__fini_array_start = .)
 *(SORT_BY_NAME(.fini_array.*))
 *(.fini_array*)
 .fini_array    0x080053dc        0x4 /opt/st/stm32cubeclt_1.15.1/GNU-tools-for-STM32/bin/../lib/gcc/arm-none-eabi/12.3.1/thumb/v7e-m+fp/hard/crtbegin.o
                [!provide]                        PROVIDE (__fini_array_end = .)
                0x080053e0                        _sidata = LOADADDR (.data)

.data           0x20000000      0x1d4 load address 0x080053e0
                0x20000000                        . = ALIGN (0x4)
                0x20000000                        _sdata = .
 *(.data)
 *(.data*)
 .data.__sglue  0x20000000        0xc /opt/st/stm32cubeclt_1.15.1/GNU-tools-for-STM32/bin/../lib/gcc/arm-none-eabi/12.3.1/../../../../arm-none-eabi/lib/thumb/v7e-m+fp/hard/libc_nano.a(libc_a-findfp.o)
                0x20000000                __sglue
 .data._impure_ptr
                0x2000000c        0x4 /opt/st/stm32cubeclt_1.15.1/GNU-tools-for-STM32/bin/../lib/gcc/arm-none-eabi/12.3.1/../../../../arm-none-eabi/lib/thumb/v7e-m+fp/hard/libc_nano.a(libc_a-impure.o)
                0x2000000c                _impure_ptr
 .data._impure_data
                0x20000010       0x4c /opt/st/stm32cubeclt_1.15.1/GNU-tools-for-STM32/bin/../lib/gcc/arm-none-eabi/12.3.1/../../../../arm-none-eabi/lib/thumb/v7e-m+fp/hard/libc_nano.a(libc_a-impure.o)
                0x20000010                _impure_data
 .data.__global_locale
                0x2000005c      0x16c /opt/st/stm32cubeclt_1.15.1/GNU-tools-for-STM32/bin/../lib/gcc/arm-none-eabi/12.3.1/../../../../arm-none-eabi/lib/thumb/v7e-m+fp/hard/libc_nano.a(libc_a-locale.o)
                0x2000005c                __global_locale
 .data.SystemCoreClock
                0x200001c8        0x4 CMakeFiles/Encoder_SPI.dir/Core/Src/system_stm32f4xx.c.obj
                0x200001c8                SystemCoreClock
 .data.uwTickFreq
                0x200001cc        0x1 CMakeFiles/Encoder_SPI.dir/Drivers/STM32F4xx_HAL_Driver/Src/stm32f4xx_hal.c.obj
                0x200001cc                uwTickFreq
 *fill*         0x200001cd        0x3 
 .data.uwTickPrio
                0x200001d0        0x4 CMakeFiles/Encoder_SPI.dir/Drivers/STM32F4xx_HAL_Driver/Src/stm32f4xx_hal.c.obj
                0x200001d0                uwTickPrio
                0x200001d4                        . = ALIGN (0x4)
                0x200001d4                        _edata = .

.igot.plt       0x200001d4        0x0 load address 0x080055b4
 .igot.plt      0x200001d4        0x0 /opt/st/stm32cubeclt_1.15.1/GNU-tools-for-STM32/bin/../lib/gcc/arm-none-eabi/12.3.1/thumb/v7e-m+fp/hard/crtbegin.o
                0x200001d4                        . = ALIGN (0x4)

.bss            0x200001d8      0x214 load address 0x080055b4
                0x200001d8                        _sbss = .
                0x200001d8                        __bss_start__ = _sbss
 *(.bss)
 .bss           0x200001d8       0x1c /opt/st/stm32cubeclt_1.15.1/GNU-tools-for-STM32/bin/../lib/gcc/arm-none-eabi/12.3.1/thumb/v7e-m+fp/hard/crtbegin.o
 *(.bss*)
 .bss.__sf      0x200001f4      0x138 /opt/st/stm32cubeclt_1.15.1/GNU-tools-for-STM32/bin/../lib/gcc/arm-none-eabi/12.3.1/../../../../arm-none-eabi/lib/thumb/v7e-m+fp/hard/libc_nano.a(libc_a-findfp.o)
                0x200001f4                __sf
 .bss.__stdio_exit_handler
                0x2000032c        0x4 /opt/st/stm32cubeclt_1.15.1/GNU-tools-for-STM32/bin/../lib/gcc/arm-none-eabi/12.3.1/../../../../arm-none-eabi/lib/thumb/v7e-m+fp/hard/libc_nano.a(libc_a-findfp.o)
                0x2000032c                __stdio_exit_handler
 .bss.errno     0x20000330        0x4 /opt/st/stm32cubeclt_1.15.1/GNU-tools-for-STM32/bin/../lib/gcc/arm-none-eabi/12.3.1/../../../../arm-none-eabi/lib/thumb/v7e-m+fp/hard/libc_nano.a(libc_a-reent.o)
                0x20000330                errno
 .bss.__lock___malloc_recursive_mutex
                0x20000334        0x1 /opt/st/stm32cubeclt_1.15.1/GNU-tools-for-STM32/bin/../lib/gcc/arm-none-eabi/12.3.1/../../../../arm-none-eabi/lib/thumb/v7e-m+fp/hard/libc_nano.a(libc_a-lock.o)
                0x20000334                __lock___malloc_recursive_mutex
 .bss.__lock___sfp_recursive_mutex
                0x20000335        0x1 /opt/st/stm32cubeclt_1.15.1/GNU-tools-for-STM32/bin/../lib/gcc/arm-none-eabi/12.3.1/../../../../arm-none-eabi/lib/thumb/v7e-m+fp/hard/libc_nano.a(libc_a-lock.o)
                0x20000335                __lock___sfp_recursive_mutex
 *fill*         0x20000336        0x2 
 .bss.__malloc_sbrk_start
                0x20000338        0x4 /opt/st/stm32cubeclt_1.15.1/GNU-tools-for-STM32/bin/../lib/gcc/arm-none-eabi/12.3.1/../../../../arm-none-eabi/lib/thumb/v7e-m+fp/hard/libc_nano.a(libc_a-mallocr.o)
                0x20000338                __malloc_sbrk_start
 .bss.__malloc_free_list
                0x2000033c        0x4 /opt/st/stm32cubeclt_1.15.1/GNU-tools-for-STM32/bin/../lib/gcc/arm-none-eabi/12.3.1/../../../../arm-none-eabi/lib/thumb/v7e-m+fp/hard/libc_nano.a(libc_a-mallocr.o)
                0x2000033c                __malloc_free_list
 .bss.hspi2     0x20000340       0x58 CMakeFiles/Encoder_SPI.dir/Core/Src/spi.c.obj
                0x20000340                hspi2
 .bss.__sbrk_heap_end
                0x20000398        0x4 CMakeFiles/Encoder_SPI.dir/Core/Src/sysmem.c.obj
 *fill*         0x2000039c        0x4 
 .bss.huart2    0x200003a0       0x48 CMakeFiles/Encoder_SPI.dir/Core/Src/usart.c.obj
                0x200003a0                huart2
 .bss.uwTick    0x200003e8        0x4 CMakeFiles/Encoder_SPI.dir/Drivers/STM32F4xx_HAL_Driver/Src/stm32f4xx_hal.c.obj
                0x200003e8                uwTick
 *(COMMON)
                0x200003ec                        . = ALIGN (0x4)
                0x200003ec                        _ebss = .
                0x200003ec                        __bss_end__ = _ebss

._user_heap_stack
                0x200003ec      0x604 load address 0x080055b4
                0x200003f0                        . = ALIGN (0x8)
 *fill*         0x200003ec        0x4 
                [!provide]                        PROVIDE (end = .)
                0x200003f0                        PROVIDE (_end = .)
                0x200005f0                        . = (. + _Min_Heap_Size)
 *fill*         0x200003f0      0x200 
                0x200009f0                        . = (. + _Min_Stack_Size)
 *fill*         0x200005f0      0x400 
                0x200009f0                        . = ALIGN (0x8)

/DISCARD/
 libc.a(*)
 libm.a(*)
 libgcc.a(*)

.ARM.attributes
                0x00000000       0x30
 *(.ARM.attributes)
 .ARM.attributes
                0x00000000       0x22 /opt/st/stm32cubeclt_1.15.1/GNU-tools-for-STM32/bin/../lib/gcc/arm-none-eabi/12.3.1/thumb/v7e-m+fp/hard/crti.o
 .ARM.attributes
                0x00000022       0x34 /opt/st/stm32cubeclt_1.15.1/GNU-tools-for-STM32/bin/../lib/gcc/arm-none-eabi/12.3.1/thumb/v7e-m+fp/hard/crtbegin.o
 .ARM.attributes
                0x00000056       0x34 /opt/st/stm32cubeclt_1.15.1/GNU-tools-for-STM32/bin/../lib/gcc/arm-none-eabi/12.3.1/../../../../arm-none-eabi/lib/thumb/v7e-m+fp/hard/libc_nano.a(libc_a-nano-vfprintf_float.o)
 .ARM.attributes
                0x0000008a       0x34 /opt/st/stm32cubeclt_1.15.1/GNU-tools-for-STM32/bin/../lib/gcc/arm-none-eabi/12.3.1/../../../../arm-none-eabi/lib/thumb/v7e-m+fp/hard/libc_nano.a(libc_a-nano-vfprintf_i.o)
 .ARM.attributes
                0x000000be       0x34 /opt/st/stm32cubeclt_1.15.1/GNU-tools-for-STM32/bin/../lib/gcc/arm-none-eabi/12.3.1/../../../../arm-none-eabi/lib/thumb/v7e-m+fp/hard/libc_nano.a(libc_a-findfp.o)
 .ARM.attributes
                0x000000f2       0x34 /opt/st/stm32cubeclt_1.15.1/GNU-tools-for-STM32/bin/../lib/gcc/arm-none-eabi/12.3.1/../../../../arm-none-eabi/lib/thumb/v7e-m+fp/hard/libc_nano.a(libc_a-fwalk.o)
 .ARM.attributes
                0x00000126       0x34 /opt/st/stm32cubeclt_1.15.1/GNU-tools-for-STM32/bin/../lib/gcc/arm-none-eabi/12.3.1/../../../../arm-none-eabi/lib/thumb/v7e-m+fp/hard/libc_nano.a(libc_a-stdio.o)
 .ARM.attributes
                0x0000015a       0x34 /opt/st/stm32cubeclt_1.15.1/GNU-tools-for-STM32/bin/../lib/gcc/arm-none-eabi/12.3.1/../../../../arm-none-eabi/lib/thumb/v7e-m+fp/hard/libc_nano.a(libc_a-memset.o)
 .ARM.attributes
                0x0000018e       0x34 /opt/st/stm32cubeclt_1.15.1/GNU-tools-for-STM32/bin/../lib/gcc/arm-none-eabi/12.3.1/../../../../arm-none-eabi/lib/thumb/v7e-m+fp/hard/libc_nano.a(libc_a-localeconv.o)
 .ARM.attributes
                0x000001c2       0x34 /opt/st/stm32cubeclt_1.15.1/GNU-tools-for-STM32/bin/../lib/gcc/arm-none-eabi/12.3.1/../../../../arm-none-eabi/lib/thumb/v7e-m+fp/hard/libc_nano.a(libc_a-closer.o)
 .ARM.attributes
                0x000001f6       0x34 /opt/st/stm32cubeclt_1.15.1/GNU-tools-for-STM32/bin/../lib/gcc/arm-none-eabi/12.3.1/../../../../arm-none-eabi/lib/thumb/v7e-m+fp/hard/libc_nano.a(libc_a-reent.o)
 .ARM.attributes
                0x0000022a       0x34 /opt/st/stm32cubeclt_1.15.1/GNU-tools-for-STM32/bin/../lib/gcc/arm-none-eabi/12.3.1/../../../../arm-none-eabi/lib/thumb/v7e-m+fp/hard/libc_nano.a(libc_a-impure.o)
 .ARM.attributes
                0x0000025e       0x34 /opt/st/stm32cubeclt_1.15.1/GNU-tools-for-STM32/bin/../lib/gcc/arm-none-eabi/12.3.1/../../../../arm-none-eabi/lib/thumb/v7e-m+fp/hard/libc_nano.a(libc_a-lseekr.o)
 .ARM.attributes
                0x00000292       0x34 /opt/st/stm32cubeclt_1.15.1/GNU-tools-for-STM32/bin/../lib/gcc/arm-none-eabi/12.3.1/../../../../arm-none-eabi/lib/thumb/v7e-m+fp/hard/libc_nano.a(libc_a-readr.o)
 .ARM.attributes
                0x000002c6       0x34 /opt/st/stm32cubeclt_1.15.1/GNU-tools-for-STM32/bin/../lib/gcc/arm-none-eabi/12.3.1/../../../../arm-none-eabi/lib/thumb/v7e-m+fp/hard/libc_nano.a(libc_a-writer.o)
 .ARM.attributes
                0x000002fa       0x34 /opt/st/stm32cubeclt_1.15.1/GNU-tools-for-STM32/bin/../lib/gcc/arm-none-eabi/12.3.1/../../../../arm-none-eabi/lib/thumb/v7e-m+fp/hard/libc_nano.a(libc_a-init.o)
 .ARM.attributes
                0x0000032e       0x34 /opt/st/stm32cubeclt_1.15.1/GNU-tools-for-STM32/bin/../lib/gcc/arm-none-eabi/12.3.1/../../../../arm-none-eabi/lib/thumb/v7e-m+fp/hard/libc_nano.a(libc_a-lock.o)
 .ARM.attributes
                0x00000362       0x1c /opt/st/stm32cubeclt_1.15.1/GNU-tools-for-STM32/bin/../lib/gcc/arm-none-eabi/12.3.1/../../../../arm-none-eabi/lib/thumb/v7e-m+fp/hard/libc_nano.a(libc_a-memchr.o)
 .ARM.attributes
                0x0000037e       0x17 /opt/st/stm32cubeclt_1.15.1/GNU-tools-for-STM32/bin/../lib/gcc/arm-none-eabi/12.3.1/../../../../arm-none-eabi/lib/thumb/v7e-m+fp/hard/libc_nano.a(libc_a-strlen.o)
 .ARM.attributes
                0x00000395       0x34 /opt/st/stm32cubeclt_1.15.1/GNU-tools-for-STM32/bin/../lib/gcc/arm-none-eabi/12.3.1/../../../../arm-none-eabi/lib/thumb/v7e-m+fp/hard/libc_nano.a(libc_a-dtoa.o)
 .ARM.attributes
                0x000003c9       0x34 /opt/st/stm32cubeclt_1.15.1/GNU-tools-for-STM32/bin/../lib/gcc/arm-none-eabi/12.3.1/../../../../arm-none-eabi/lib/thumb/v7e-m+fp/hard/libc_nano.a(libc_a-freer.o)
 .ARM.attributes
                0x000003fd       0x34 /opt/st/stm32cubeclt_1.15.1/GNU-tools-for-STM32/bin/../lib/gcc/arm-none-eabi/12.3.1/../../../../arm-none-eabi/lib/thumb/v7e-m+fp/hard/libc_nano.a(libc_a-malloc.o)
 .ARM.attributes
                0x00000431       0x34 /opt/st/stm32cubeclt_1.15.1/GNU-tools-for-STM32/bin/../lib/gcc/arm-none-eabi/12.3.1/../../../../arm-none-eabi/lib/thumb/v7e-m+fp/hard/libc_nano.a(libc_a-mallocr.o)
 .ARM.attributes
                0x00000465       0x34 /opt/st/stm32cubeclt_1.15.1/GNU-tools-for-STM32/bin/../lib/gcc/arm-none-eabi/12.3.1/../../../../arm-none-eabi/lib/thumb/v7e-m+fp/hard/libc_nano.a(libc_a-mlock.o)
 .ARM.attributes
                0x00000499       0x34 /opt/st/stm32cubeclt_1.15.1/GNU-tools-for-STM32/bin/../lib/gcc/arm-none-eabi/12.3.1/../../../../arm-none-eabi/lib/thumb/v7e-m+fp/hard/libc_nano.a(libc_a-mprec.o)
 .ARM.attributes
                0x000004cd       0x34 /opt/st/stm32cubeclt_1.15.1/GNU-tools-for-STM32/bin/../lib/gcc/arm-none-eabi/12.3.1/../../../../arm-none-eabi/lib/thumb/v7e-m+fp/hard/libc_nano.a(libc_a-fflush.o)
 .ARM.attributes
                0x00000501       0x34 /opt/st/stm32cubeclt_1.15.1/GNU-tools-for-STM32/bin/../lib/gcc/arm-none-eabi/12.3.1/../../../../arm-none-eabi/lib/thumb/v7e-m+fp/hard/libc_nano.a(libc_a-locale.o)
 .ARM.attributes
                0x00000535       0x34 /opt/st/stm32cubeclt_1.15.1/GNU-tools-for-STM32/bin/../lib/gcc/arm-none-eabi/12.3.1/../../../../arm-none-eabi/lib/thumb/v7e-m+fp/hard/libc_nano.a(libc_a-sbrkr.o)
 .ARM.attributes
                0x00000569       0x34 /opt/st/stm32cubeclt_1.15.1/GNU-tools-for-STM32/bin/../lib/gcc/arm-none-eabi/12.3.1/../../../../arm-none-eabi/lib/thumb/v7e-m+fp/hard/libc_nano.a(libc_a-memcpy-stub.o)
 .ARM.attributes
                0x0000059d       0x34 /opt/st/stm32cubeclt_1.15.1/GNU-tools-for-STM32/bin/../lib/gcc/arm-none-eabi/12.3.1/../../../../arm-none-eabi/lib/thumb/v7e-m+fp/hard/libc_nano.a(libc_a-assert.o)
 .ARM.attributes
                0x000005d1       0x34 /opt/st/stm32cubeclt_1.15.1/GNU-tools-for-STM32/bin/../lib/gcc/arm-none-eabi/12.3.1/../../../../arm-none-eabi/lib/thumb/v7e-m+fp/hard/libc_nano.a(libc_a-callocr.o)
 .ARM.attributes
                0x00000605       0x34 /opt/st/stm32cubeclt_1.15.1/GNU-tools-for-STM32/bin/../lib/gcc/arm-none-eabi/12.3.1/../../../../arm-none-eabi/lib/thumb/v7e-m+fp/hard/libc_nano.a(libc_a-mbtowc_r.o)
 .ARM.attributes
                0x00000639       0x34 /opt/st/stm32cubeclt_1.15.1/GNU-tools-for-STM32/bin/../lib/gcc/arm-none-eabi/12.3.1/../../../../arm-none-eabi/lib/thumb/v7e-m+fp/hard/libc_nano.a(libc_a-wctomb_r.o)
 .ARM.attributes
                0x0000066d       0x34 /opt/st/stm32cubeclt_1.15.1/GNU-tools-for-STM32/bin/../lib/gcc/arm-none-eabi/12.3.1/../../../../arm-none-eabi/lib/thumb/v7e-m+fp/hard/libc_nano.a(libc_a-ctype_.o)
 .ARM.attributes
                0x000006a1       0x34 /opt/st/stm32cubeclt_1.15.1/GNU-tools-for-STM32/bin/../lib/gcc/arm-none-eabi/12.3.1/../../../../arm-none-eabi/lib/thumb/v7e-m+fp/hard/libc_nano.a(libc_a-fprintf.o)
 .ARM.attributes
                0x000006d5       0x34 /opt/st/stm32cubeclt_1.15.1/GNU-tools-for-STM32/bin/../lib/gcc/arm-none-eabi/12.3.1/../../../../arm-none-eabi/lib/thumb/v7e-m+fp/hard/libc_nano.a(libc_a-abort.o)
 .ARM.attributes
                0x00000709       0x34 /opt/st/stm32cubeclt_1.15.1/GNU-tools-for-STM32/bin/../lib/gcc/arm-none-eabi/12.3.1/../../../../arm-none-eabi/lib/thumb/v7e-m+fp/hard/libc_nano.a(libc_a-nano-vfprintf.o)
 .ARM.attributes
                0x0000073d       0x34 /opt/st/stm32cubeclt_1.15.1/GNU-tools-for-STM32/bin/../lib/gcc/arm-none-eabi/12.3.1/../../../../arm-none-eabi/lib/thumb/v7e-m+fp/hard/libc_nano.a(libc_a-wbuf.o)
 .ARM.attributes
                0x00000771       0x34 /opt/st/stm32cubeclt_1.15.1/GNU-tools-for-STM32/bin/../lib/gcc/arm-none-eabi/12.3.1/../../../../arm-none-eabi/lib/thumb/v7e-m+fp/hard/libc_nano.a(libc_a-wsetup.o)
 .ARM.attributes
                0x000007a5       0x34 /opt/st/stm32cubeclt_1.15.1/GNU-tools-for-STM32/bin/../lib/gcc/arm-none-eabi/12.3.1/../../../../arm-none-eabi/lib/thumb/v7e-m+fp/hard/libc_nano.a(libc_a-signal.o)
 .ARM.attributes
                0x000007d9       0x34 /opt/st/stm32cubeclt_1.15.1/GNU-tools-for-STM32/bin/../lib/gcc/arm-none-eabi/12.3.1/../../../../arm-none-eabi/lib/thumb/v7e-m+fp/hard/libc_nano.a(libc_a-signalr.o)
 .ARM.attributes
                0x0000080d       0x34 /opt/st/stm32cubeclt_1.15.1/GNU-tools-for-STM32/bin/../lib/gcc/arm-none-eabi/12.3.1/../../../../arm-none-eabi/lib/thumb/v7e-m+fp/hard/libc_nano.a(libc_a-makebuf.o)
 .ARM.attributes
                0x00000841       0x34 /opt/st/stm32cubeclt_1.15.1/GNU-tools-for-STM32/bin/../lib/gcc/arm-none-eabi/12.3.1/../../../../arm-none-eabi/lib/thumb/v7e-m+fp/hard/libc_nano.a(libc_a-fstatr.o)
 .ARM.attributes
                0x00000875       0x34 /opt/st/stm32cubeclt_1.15.1/GNU-tools-for-STM32/bin/../lib/gcc/arm-none-eabi/12.3.1/../../../../arm-none-eabi/lib/thumb/v7e-m+fp/hard/libc_nano.a(libc_a-isattyr.o)
 .ARM.attributes
                0x000008a9       0x34 CMakeFiles/Encoder_SPI.dir/Core/Src/gpio.c.obj
 .ARM.attributes
                0x000008dd       0x34 CMakeFiles/Encoder_SPI.dir/Core/Src/main.c.obj
 .ARM.attributes
                0x00000911       0x34 CMakeFiles/Encoder_SPI.dir/Core/Src/printing.c.obj
 .ARM.attributes
                0x00000945       0x34 CMakeFiles/Encoder_SPI.dir/Core/Src/spi.c.obj
 .ARM.attributes
                0x00000979       0x34 CMakeFiles/Encoder_SPI.dir/Core/Src/stm32f4xx_hal_msp.c.obj
 .ARM.attributes
                0x000009ad       0x34 CMakeFiles/Encoder_SPI.dir/Core/Src/stm32f4xx_it.c.obj
 .ARM.attributes
                0x000009e1       0x34 CMakeFiles/Encoder_SPI.dir/Core/Src/syscalls.c.obj
 .ARM.attributes
                0x00000a15       0x34 CMakeFiles/Encoder_SPI.dir/Core/Src/sysmem.c.obj
 .ARM.attributes
                0x00000a49       0x34 CMakeFiles/Encoder_SPI.dir/Core/Src/system_stm32f4xx.c.obj
 .ARM.attributes
                0x00000a7d       0x34 CMakeFiles/Encoder_SPI.dir/Core/Src/usart.c.obj
 .ARM.attributes
                0x00000ab1       0x34 CMakeFiles/Encoder_SPI.dir/Drivers/STM32F4xx_HAL_Driver/Src/stm32f4xx_hal_spi.c.obj
 .ARM.attributes
                0x00000ae5       0x34 CMakeFiles/Encoder_SPI.dir/Drivers/STM32F4xx_HAL_Driver/Src/stm32f4xx_hal_rcc.c.obj
 .ARM.attributes
                0x00000b19       0x34 CMakeFiles/Encoder_SPI.dir/Drivers/STM32F4xx_HAL_Driver/Src/stm32f4xx_hal_rcc_ex.c.obj
 .ARM.attributes
                0x00000b4d       0x34 CMakeFiles/Encoder_SPI.dir/Drivers/STM32F4xx_HAL_Driver/Src/stm32f4xx_hal_gpio.c.obj
 .ARM.attributes
                0x00000b81       0x34 CMakeFiles/Encoder_SPI.dir/Drivers/STM32F4xx_HAL_Driver/Src/stm32f4xx_hal_pwr_ex.c.obj
 .ARM.attributes
                0x00000bb5       0x34 CMakeFiles/Encoder_SPI.dir/Drivers/STM32F4xx_HAL_Driver/Src/stm32f4xx_hal_cortex.c.obj
 .ARM.attributes
                0x00000be9       0x34 CMakeFiles/Encoder_SPI.dir/Drivers/STM32F4xx_HAL_Driver/Src/stm32f4xx_hal.c.obj
 .ARM.attributes
                0x00000c1d       0x34 CMakeFiles/Encoder_SPI.dir/Drivers/STM32F4xx_HAL_Driver/Src/stm32f4xx_hal_uart.c.obj
 .ARM.attributes
                0x00000c51       0x21 CMakeFiles/Encoder_SPI.dir/startup_stm32f446xx.s.obj
 .ARM.attributes
                0x00000c72       0x22 /opt/st/stm32cubeclt_1.15.1/GNU-tools-for-STM32/bin/../lib/gcc/arm-none-eabi/12.3.1/thumb/v7e-m+fp/hard/libgcc.a(_arm_addsubdf3.o)
 .ARM.attributes
                0x00000c94       0x22 /opt/st/stm32cubeclt_1.15.1/GNU-tools-for-STM32/bin/../lib/gcc/arm-none-eabi/12.3.1/thumb/v7e-m+fp/hard/libgcc.a(_arm_muldivdf3.o)
 .ARM.attributes
                0x00000cb6       0x22 /opt/st/stm32cubeclt_1.15.1/GNU-tools-for-STM32/bin/../lib/gcc/arm-none-eabi/12.3.1/thumb/v7e-m+fp/hard/libgcc.a(_arm_cmpdf2.o)
 .ARM.attributes
                0x00000cd8       0x22 /opt/st/stm32cubeclt_1.15.1/GNU-tools-for-STM32/bin/../lib/gcc/arm-none-eabi/12.3.1/thumb/v7e-m+fp/hard/libgcc.a(_arm_unorddf2.o)
 .ARM.attributes
                0x00000cfa       0x22 /opt/st/stm32cubeclt_1.15.1/GNU-tools-for-STM32/bin/../lib/gcc/arm-none-eabi/12.3.1/thumb/v7e-m+fp/hard/libgcc.a(_arm_fixdfsi.o)
 .ARM.attributes
                0x00000d1c       0x22 /opt/st/stm32cubeclt_1.15.1/GNU-tools-for-STM32/bin/../lib/gcc/arm-none-eabi/12.3.1/thumb/v7e-m+fp/hard/libgcc.a(_arm_truncdfsf2.o)
 .ARM.attributes
                0x00000d3e       0x22 /opt/st/stm32cubeclt_1.15.1/GNU-tools-for-STM32/bin/../lib/gcc/arm-none-eabi/12.3.1/thumb/v7e-m+fp/hard/libgcc.a(_aeabi_uldivmod.o)
 .ARM.attributes
                0x00000d60       0x34 /opt/st/stm32cubeclt_1.15.1/GNU-tools-for-STM32/bin/../lib/gcc/arm-none-eabi/12.3.1/thumb/v7e-m+fp/hard/libgcc.a(_udivmoddi4.o)
 .ARM.attributes
                0x00000d94       0x22 /opt/st/stm32cubeclt_1.15.1/GNU-tools-for-STM32/bin/../lib/gcc/arm-none-eabi/12.3.1/thumb/v7e-m+fp/hard/libgcc.a(_dvmd_tls.o)
 .ARM.attributes
                0x00000db6       0x34 /opt/st/stm32cubeclt_1.15.1/GNU-tools-for-STM32/bin/../lib/gcc/arm-none-eabi/12.3.1/../../../../arm-none-eabi/lib/thumb/v7e-m+fp/hard/libg_nano.a(libc_a-printf.o)
 .ARM.attributes
                0x00000dea       0x34 /opt/st/stm32cubeclt_1.15.1/GNU-tools-for-STM32/bin/../lib/gcc/arm-none-eabi/12.3.1/../../../../arm-none-eabi/lib/thumb/v7e-m+fp/hard/libg_nano.a(libc_a-errno.o)
 .ARM.attributes
                0x00000e1e       0x22 /opt/st/stm32cubeclt_1.15.1/GNU-tools-for-STM32/bin/../lib/gcc/arm-none-eabi/12.3.1/thumb/v7e-m+fp/hard/crtn.o
OUTPUT(Encoder_SPI.elf elf32-littlearm)
LOAD linker stubs
LOAD /opt/st/stm32cubeclt_1.15.1/GNU-tools-for-STM32/bin/../lib/gcc/arm-none-eabi/12.3.1/../../../../arm-none-eabi/lib/thumb/v7e-m+fp/hard/libc.a
LOAD /opt/st/stm32cubeclt_1.15.1/GNU-tools-for-STM32/bin/../lib/gcc/arm-none-eabi/12.3.1/../../../../arm-none-eabi/lib/thumb/v7e-m+fp/hard/libm.a
LOAD /opt/st/stm32cubeclt_1.15.1/GNU-tools-for-STM32/bin/../lib/gcc/arm-none-eabi/12.3.1/thumb/v7e-m+fp/hard/libgcc.a

.debug_frame    0x00000000     0x1120
 .debug_frame   0x00000000       0x90 /opt/st/stm32cubeclt_1.15.1/GNU-tools-for-STM32/bin/../lib/gcc/arm-none-eabi/12.3.1/../../../../arm-none-eabi/lib/thumb/v7e-m+fp/hard/libc_nano.a(libc_a-nano-vfprintf_float.o)
 .debug_frame   0x00000090       0x60 /opt/st/stm32cubeclt_1.15.1/GNU-tools-for-STM32/bin/../lib/gcc/arm-none-eabi/12.3.1/../../../../arm-none-eabi/lib/thumb/v7e-m+fp/hard/libc_nano.a(libc_a-nano-vfprintf_i.o)
 .debug_frame   0x000000f0      0x144 /opt/st/stm32cubeclt_1.15.1/GNU-tools-for-STM32/bin/../lib/gcc/arm-none-eabi/12.3.1/../../../../arm-none-eabi/lib/thumb/v7e-m+fp/hard/libc_nano.a(libc_a-findfp.o)
 .debug_frame   0x00000234       0x34 /opt/st/stm32cubeclt_1.15.1/GNU-tools-for-STM32/bin/../lib/gcc/arm-none-eabi/12.3.1/../../../../arm-none-eabi/lib/thumb/v7e-m+fp/hard/libc_nano.a(libc_a-fwalk.o)
 .debug_frame   0x00000268       0x88 /opt/st/stm32cubeclt_1.15.1/GNU-tools-for-STM32/bin/../lib/gcc/arm-none-eabi/12.3.1/../../../../arm-none-eabi/lib/thumb/v7e-m+fp/hard/libc_nano.a(libc_a-stdio.o)
 .debug_frame   0x000002f0       0x20 /opt/st/stm32cubeclt_1.15.1/GNU-tools-for-STM32/bin/../lib/gcc/arm-none-eabi/12.3.1/../../../../arm-none-eabi/lib/thumb/v7e-m+fp/hard/libc_nano.a(libc_a-memset.o)
 .debug_frame   0x00000310       0x40 /opt/st/stm32cubeclt_1.15.1/GNU-tools-for-STM32/bin/../lib/gcc/arm-none-eabi/12.3.1/../../../../arm-none-eabi/lib/thumb/v7e-m+fp/hard/libc_nano.a(libc_a-localeconv.o)
 .debug_frame   0x00000350       0x2c /opt/st/stm32cubeclt_1.15.1/GNU-tools-for-STM32/bin/../lib/gcc/arm-none-eabi/12.3.1/../../../../arm-none-eabi/lib/thumb/v7e-m+fp/hard/libc_nano.a(libc_a-closer.o)
 .debug_frame   0x0000037c       0x38 /opt/st/stm32cubeclt_1.15.1/GNU-tools-for-STM32/bin/../lib/gcc/arm-none-eabi/12.3.1/../../../../arm-none-eabi/lib/thumb/v7e-m+fp/hard/libc_nano.a(libc_a-reent.o)
 .debug_frame   0x000003b4       0x2c /opt/st/stm32cubeclt_1.15.1/GNU-tools-for-STM32/bin/../lib/gcc/arm-none-eabi/12.3.1/../../../../arm-none-eabi/lib/thumb/v7e-m+fp/hard/libc_nano.a(libc_a-lseekr.o)
 .debug_frame   0x000003e0       0x2c /opt/st/stm32cubeclt_1.15.1/GNU-tools-for-STM32/bin/../lib/gcc/arm-none-eabi/12.3.1/../../../../arm-none-eabi/lib/thumb/v7e-m+fp/hard/libc_nano.a(libc_a-readr.o)
 .debug_frame   0x0000040c       0x2c /opt/st/stm32cubeclt_1.15.1/GNU-tools-for-STM32/bin/../lib/gcc/arm-none-eabi/12.3.1/../../../../arm-none-eabi/lib/thumb/v7e-m+fp/hard/libc_nano.a(libc_a-writer.o)
 .debug_frame   0x00000438       0x2c /opt/st/stm32cubeclt_1.15.1/GNU-tools-for-STM32/bin/../lib/gcc/arm-none-eabi/12.3.1/../../../../arm-none-eabi/lib/thumb/v7e-m+fp/hard/libc_nano.a(libc_a-init.o)
 .debug_frame   0x00000464       0xb0 /opt/st/stm32cubeclt_1.15.1/GNU-tools-for-STM32/bin/../lib/gcc/arm-none-eabi/12.3.1/../../../../arm-none-eabi/lib/thumb/v7e-m+fp/hard/libc_nano.a(libc_a-lock.o)
 .debug_frame   0x00000514       0x70 /opt/st/stm32cubeclt_1.15.1/GNU-tools-for-STM32/bin/../lib/gcc/arm-none-eabi/12.3.1/../../../../arm-none-eabi/lib/thumb/v7e-m+fp/hard/libc_nano.a(libc_a-dtoa.o)
 .debug_frame   0x00000584       0x38 /opt/st/stm32cubeclt_1.15.1/GNU-tools-for-STM32/bin/../lib/gcc/arm-none-eabi/12.3.1/../../../../arm-none-eabi/lib/thumb/v7e-m+fp/hard/libc_nano.a(libc_a-freer.o)
 .debug_frame   0x000005bc       0x30 /opt/st/stm32cubeclt_1.15.1/GNU-tools-for-STM32/bin/../lib/gcc/arm-none-eabi/12.3.1/../../../../arm-none-eabi/lib/thumb/v7e-m+fp/hard/libc_nano.a(libc_a-malloc.o)
 .debug_frame   0x000005ec       0x50 /opt/st/stm32cubeclt_1.15.1/GNU-tools-for-STM32/bin/../lib/gcc/arm-none-eabi/12.3.1/../../../../arm-none-eabi/lib/thumb/v7e-m+fp/hard/libc_nano.a(libc_a-mallocr.o)
 .debug_frame   0x0000063c       0x30 /opt/st/stm32cubeclt_1.15.1/GNU-tools-for-STM32/bin/../lib/gcc/arm-none-eabi/12.3.1/../../../../arm-none-eabi/lib/thumb/v7e-m+fp/hard/libc_nano.a(libc_a-mlock.o)
 .debug_frame   0x0000066c      0x260 /opt/st/stm32cubeclt_1.15.1/GNU-tools-for-STM32/bin/../lib/gcc/arm-none-eabi/12.3.1/../../../../arm-none-eabi/lib/thumb/v7e-m+fp/hard/libc_nano.a(libc_a-mprec.o)
 .debug_frame   0x000008cc       0x5c /opt/st/stm32cubeclt_1.15.1/GNU-tools-for-STM32/bin/../lib/gcc/arm-none-eabi/12.3.1/../../../../arm-none-eabi/lib/thumb/v7e-m+fp/hard/libc_nano.a(libc_a-fflush.o)
 .debug_frame   0x00000928       0x48 /opt/st/stm32cubeclt_1.15.1/GNU-tools-for-STM32/bin/../lib/gcc/arm-none-eabi/12.3.1/../../../../arm-none-eabi/lib/thumb/v7e-m+fp/hard/libc_nano.a(libc_a-locale.o)
 .debug_frame   0x00000970       0x2c /opt/st/stm32cubeclt_1.15.1/GNU-tools-for-STM32/bin/../lib/gcc/arm-none-eabi/12.3.1/../../../../arm-none-eabi/lib/thumb/v7e-m+fp/hard/libc_nano.a(libc_a-sbrkr.o)
 .debug_frame   0x0000099c       0x28 /opt/st/stm32cubeclt_1.15.1/GNU-tools-for-STM32/bin/../lib/gcc/arm-none-eabi/12.3.1/../../../../arm-none-eabi/lib/thumb/v7e-m+fp/hard/libc_nano.a(libc_a-memcpy-stub.o)
 .debug_frame   0x000009c4       0x40 /opt/st/stm32cubeclt_1.15.1/GNU-tools-for-STM32/bin/../lib/gcc/arm-none-eabi/12.3.1/../../../../arm-none-eabi/lib/thumb/v7e-m+fp/hard/libc_nano.a(libc_a-assert.o)
 .debug_frame   0x00000a04       0x2c /opt/st/stm32cubeclt_1.15.1/GNU-tools-for-STM32/bin/../lib/gcc/arm-none-eabi/12.3.1/../../../../arm-none-eabi/lib/thumb/v7e-m+fp/hard/libc_nano.a(libc_a-callocr.o)
 .debug_frame   0x00000a30       0x48 /opt/st/stm32cubeclt_1.15.1/GNU-tools-for-STM32/bin/../lib/gcc/arm-none-eabi/12.3.1/../../../../arm-none-eabi/lib/thumb/v7e-m+fp/hard/libc_nano.a(libc_a-mbtowc_r.o)
 .debug_frame   0x00000a78       0x3c /opt/st/stm32cubeclt_1.15.1/GNU-tools-for-STM32/bin/../lib/gcc/arm-none-eabi/12.3.1/../../../../arm-none-eabi/lib/thumb/v7e-m+fp/hard/libc_nano.a(libc_a-wctomb_r.o)
 .debug_frame   0x00000ab4       0x64 /opt/st/stm32cubeclt_1.15.1/GNU-tools-for-STM32/bin/../lib/gcc/arm-none-eabi/12.3.1/../../../../arm-none-eabi/lib/thumb/v7e-m+fp/hard/libc_nano.a(libc_a-fprintf.o)
 .debug_frame   0x00000b18       0x28 /opt/st/stm32cubeclt_1.15.1/GNU-tools-for-STM32/bin/../lib/gcc/arm-none-eabi/12.3.1/../../../../arm-none-eabi/lib/thumb/v7e-m+fp/hard/libc_nano.a(libc_a-abort.o)
 .debug_frame   0x00000b40       0xa8 /opt/st/stm32cubeclt_1.15.1/GNU-tools-for-STM32/bin/../lib/gcc/arm-none-eabi/12.3.1/../../../../arm-none-eabi/lib/thumb/v7e-m+fp/hard/libc_nano.a(libc_a-nano-vfprintf.o)
 .debug_frame   0x00000be8       0x40 /opt/st/stm32cubeclt_1.15.1/GNU-tools-for-STM32/bin/../lib/gcc/arm-none-eabi/12.3.1/../../../../arm-none-eabi/lib/thumb/v7e-m+fp/hard/libc_nano.a(libc_a-wbuf.o)
 .debug_frame   0x00000c28       0x2c /opt/st/stm32cubeclt_1.15.1/GNU-tools-for-STM32/bin/../lib/gcc/arm-none-eabi/12.3.1/../../../../arm-none-eabi/lib/thumb/v7e-m+fp/hard/libc_nano.a(libc_a-wsetup.o)
 .debug_frame   0x00000c54       0xcc /opt/st/stm32cubeclt_1.15.1/GNU-tools-for-STM32/bin/../lib/gcc/arm-none-eabi/12.3.1/../../../../arm-none-eabi/lib/thumb/v7e-m+fp/hard/libc_nano.a(libc_a-signal.o)
 .debug_frame   0x00000d20       0x3c /opt/st/stm32cubeclt_1.15.1/GNU-tools-for-STM32/bin/../lib/gcc/arm-none-eabi/12.3.1/../../../../arm-none-eabi/lib/thumb/v7e-m+fp/hard/libc_nano.a(libc_a-signalr.o)
 .debug_frame   0x00000d5c       0x58 /opt/st/stm32cubeclt_1.15.1/GNU-tools-for-STM32/bin/../lib/gcc/arm-none-eabi/12.3.1/../../../../arm-none-eabi/lib/thumb/v7e-m+fp/hard/libc_nano.a(libc_a-makebuf.o)
 .debug_frame   0x00000db4       0x2c /opt/st/stm32cubeclt_1.15.1/GNU-tools-for-STM32/bin/../lib/gcc/arm-none-eabi/12.3.1/../../../../arm-none-eabi/lib/thumb/v7e-m+fp/hard/libc_nano.a(libc_a-fstatr.o)
 .debug_frame   0x00000de0       0x2c /opt/st/stm32cubeclt_1.15.1/GNU-tools-for-STM32/bin/../lib/gcc/arm-none-eabi/12.3.1/../../../../arm-none-eabi/lib/thumb/v7e-m+fp/hard/libc_nano.a(libc_a-isattyr.o)
 .debug_frame   0x00000e0c       0xac /opt/st/stm32cubeclt_1.15.1/GNU-tools-for-STM32/bin/../lib/gcc/arm-none-eabi/12.3.1/thumb/v7e-m+fp/hard/libgcc.a(_arm_addsubdf3.o)
 .debug_frame   0x00000eb8       0x50 /opt/st/stm32cubeclt_1.15.1/GNU-tools-for-STM32/bin/../lib/gcc/arm-none-eabi/12.3.1/thumb/v7e-m+fp/hard/libgcc.a(_arm_muldivdf3.o)
 .debug_frame   0x00000f08       0xc4 /opt/st/stm32cubeclt_1.15.1/GNU-tools-for-STM32/bin/../lib/gcc/arm-none-eabi/12.3.1/thumb/v7e-m+fp/hard/libgcc.a(_arm_cmpdf2.o)
 .debug_frame   0x00000fcc       0x20 /opt/st/stm32cubeclt_1.15.1/GNU-tools-for-STM32/bin/../lib/gcc/arm-none-eabi/12.3.1/thumb/v7e-m+fp/hard/libgcc.a(_arm_unorddf2.o)
 .debug_frame   0x00000fec       0x24 /opt/st/stm32cubeclt_1.15.1/GNU-tools-for-STM32/bin/../lib/gcc/arm-none-eabi/12.3.1/thumb/v7e-m+fp/hard/libgcc.a(_arm_fixdfsi.o)
 .debug_frame   0x00001010       0x24 /opt/st/stm32cubeclt_1.15.1/GNU-tools-for-STM32/bin/../lib/gcc/arm-none-eabi/12.3.1/thumb/v7e-m+fp/hard/libgcc.a(_arm_truncdfsf2.o)
 .debug_frame   0x00001034       0x2c /opt/st/stm32cubeclt_1.15.1/GNU-tools-for-STM32/bin/../lib/gcc/arm-none-eabi/12.3.1/thumb/v7e-m+fp/hard/libgcc.a(_aeabi_uldivmod.o)
 .debug_frame   0x00001060       0x34 /opt/st/stm32cubeclt_1.15.1/GNU-tools-for-STM32/bin/../lib/gcc/arm-none-eabi/12.3.1/thumb/v7e-m+fp/hard/libgcc.a(_udivmoddi4.o)
 .debug_frame   0x00001094       0x6c /opt/st/stm32cubeclt_1.15.1/GNU-tools-for-STM32/bin/../lib/gcc/arm-none-eabi/12.3.1/../../../../arm-none-eabi/lib/thumb/v7e-m+fp/hard/libg_nano.a(libc_a-printf.o)
 .debug_frame   0x00001100       0x20 /opt/st/stm32cubeclt_1.15.1/GNU-tools-for-STM32/bin/../lib/gcc/arm-none-eabi/12.3.1/../../../../arm-none-eabi/lib/thumb/v7e-m+fp/hard/libg_nano.a(libc_a-errno.o)

.comment        0x00000000       0x43
 .comment       0x00000000       0x43 CMakeFiles/Encoder_SPI.dir/Core/Src/gpio.c.obj
                                 0x44 (size before relaxing)
 .comment       0x00000043       0x44 CMakeFiles/Encoder_SPI.dir/Core/Src/main.c.obj
 .comment       0x00000043       0x44 CMakeFiles/Encoder_SPI.dir/Core/Src/printing.c.obj
 .comment       0x00000043       0x44 CMakeFiles/Encoder_SPI.dir/Core/Src/spi.c.obj
 .comment       0x00000043       0x44 CMakeFiles/Encoder_SPI.dir/Core/Src/stm32f4xx_hal_msp.c.obj
 .comment       0x00000043       0x44 CMakeFiles/Encoder_SPI.dir/Core/Src/stm32f4xx_it.c.obj
 .comment       0x00000043       0x44 CMakeFiles/Encoder_SPI.dir/Core/Src/syscalls.c.obj
 .comment       0x00000043       0x44 CMakeFiles/Encoder_SPI.dir/Core/Src/sysmem.c.obj
 .comment       0x00000043       0x44 CMakeFiles/Encoder_SPI.dir/Core/Src/system_stm32f4xx.c.obj
 .comment       0x00000043       0x44 CMakeFiles/Encoder_SPI.dir/Core/Src/usart.c.obj
 .comment       0x00000043       0x44 CMakeFiles/Encoder_SPI.dir/Drivers/STM32F4xx_HAL_Driver/Src/stm32f4xx_hal_spi.c.obj
 .comment       0x00000043       0x44 CMakeFiles/Encoder_SPI.dir/Drivers/STM32F4xx_HAL_Driver/Src/stm32f4xx_hal_rcc.c.obj
 .comment       0x00000043       0x44 CMakeFiles/Encoder_SPI.dir/Drivers/STM32F4xx_HAL_Driver/Src/stm32f4xx_hal_rcc_ex.c.obj
 .comment       0x00000043       0x44 CMakeFiles/Encoder_SPI.dir/Drivers/STM32F4xx_HAL_Driver/Src/stm32f4xx_hal_gpio.c.obj
 .comment       0x00000043       0x44 CMakeFiles/Encoder_SPI.dir/Drivers/STM32F4xx_HAL_Driver/Src/stm32f4xx_hal_pwr_ex.c.obj
 .comment       0x00000043       0x44 CMakeFiles/Encoder_SPI.dir/Drivers/STM32F4xx_HAL_Driver/Src/stm32f4xx_hal_cortex.c.obj
 .comment       0x00000043       0x44 CMakeFiles/Encoder_SPI.dir/Drivers/STM32F4xx_HAL_Driver/Src/stm32f4xx_hal.c.obj
 .comment       0x00000043       0x44 CMakeFiles/Encoder_SPI.dir/Drivers/STM32F4xx_HAL_Driver/Src/stm32f4xx_hal_uart.c.obj
 .comment       0x00000043       0x44 /opt/st/stm32cubeclt_1.15.1/GNU-tools-for-STM32/bin/../lib/gcc/arm-none-eabi/12.3.1/../../../../arm-none-eabi/lib/thumb/v7e-m+fp/hard/libg_nano.a(libc_a-printf.o)
 .comment       0x00000043       0x44 /opt/st/stm32cubeclt_1.15.1/GNU-tools-for-STM32/bin/../lib/gcc/arm-none-eabi/12.3.1/../../../../arm-none-eabi/lib/thumb/v7e-m+fp/hard/libg_nano.a(libc_a-errno.o)

.debug_info     0x00000000      0xf36
 .debug_info    0x00000000      0x83b /opt/st/stm32cubeclt_1.15.1/GNU-tools-for-STM32/bin/../lib/gcc/arm-none-eabi/12.3.1/../../../../arm-none-eabi/lib/thumb/v7e-m+fp/hard/libg_nano.a(libc_a-printf.o)
 .debug_info    0x0000083b      0x6fb /opt/st/stm32cubeclt_1.15.1/GNU-tools-for-STM32/bin/../lib/gcc/arm-none-eabi/12.3.1/../../../../arm-none-eabi/lib/thumb/v7e-m+fp/hard/libg_nano.a(libc_a-errno.o)

.debug_abbrev   0x00000000      0x378
 .debug_abbrev  0x00000000      0x21a /opt/st/stm32cubeclt_1.15.1/GNU-tools-for-STM32/bin/../lib/gcc/arm-none-eabi/12.3.1/../../../../arm-none-eabi/lib/thumb/v7e-m+fp/hard/libg_nano.a(libc_a-printf.o)
 .debug_abbrev  0x0000021a      0x15e /opt/st/stm32cubeclt_1.15.1/GNU-tools-for-STM32/bin/../lib/gcc/arm-none-eabi/12.3.1/../../../../arm-none-eabi/lib/thumb/v7e-m+fp/hard/libg_nano.a(libc_a-errno.o)

.debug_loclists
                0x00000000       0x44
 .debug_loclists
                0x00000000       0x44 /opt/st/stm32cubeclt_1.15.1/GNU-tools-for-STM32/bin/../lib/gcc/arm-none-eabi/12.3.1/../../../../arm-none-eabi/lib/thumb/v7e-m+fp/hard/libg_nano.a(libc_a-printf.o)

.debug_aranges  0x00000000       0x48
 .debug_aranges
                0x00000000       0x28 /opt/st/stm32cubeclt_1.15.1/GNU-tools-for-STM32/bin/../lib/gcc/arm-none-eabi/12.3.1/../../../../arm-none-eabi/lib/thumb/v7e-m+fp/hard/libg_nano.a(libc_a-printf.o)
 .debug_aranges
                0x00000028       0x20 /opt/st/stm32cubeclt_1.15.1/GNU-tools-for-STM32/bin/../lib/gcc/arm-none-eabi/12.3.1/../../../../arm-none-eabi/lib/thumb/v7e-m+fp/hard/libg_nano.a(libc_a-errno.o)

.debug_rnglists
                0x00000000       0x2c
 .debug_rnglists
                0x00000000       0x19 /opt/st/stm32cubeclt_1.15.1/GNU-tools-for-STM32/bin/../lib/gcc/arm-none-eabi/12.3.1/../../../../arm-none-eabi/lib/thumb/v7e-m+fp/hard/libg_nano.a(libc_a-printf.o)
 .debug_rnglists
                0x00000019       0x13 /opt/st/stm32cubeclt_1.15.1/GNU-tools-for-STM32/bin/../lib/gcc/arm-none-eabi/12.3.1/../../../../arm-none-eabi/lib/thumb/v7e-m+fp/hard/libg_nano.a(libc_a-errno.o)

.debug_line     0x00000000      0x3de
 .debug_line    0x00000000      0x259 /opt/st/stm32cubeclt_1.15.1/GNU-tools-for-STM32/bin/../lib/gcc/arm-none-eabi/12.3.1/../../../../arm-none-eabi/lib/thumb/v7e-m+fp/hard/libg_nano.a(libc_a-printf.o)
 .debug_line    0x00000259      0x185 /opt/st/stm32cubeclt_1.15.1/GNU-tools-for-STM32/bin/../lib/gcc/arm-none-eabi/12.3.1/../../../../arm-none-eabi/lib/thumb/v7e-m+fp/hard/libg_nano.a(libc_a-errno.o)

.debug_str      0x00000000      0x56c
 .debug_str     0x00000000      0x50c /opt/st/stm32cubeclt_1.15.1/GNU-tools-for-STM32/bin/../lib/gcc/arm-none-eabi/12.3.1/../../../../arm-none-eabi/lib/thumb/v7e-m+fp/hard/libg_nano.a(libc_a-printf.o)
                                0x56c (size before relaxing)
 .debug_str     0x0000050c       0x60 /opt/st/stm32cubeclt_1.15.1/GNU-tools-for-STM32/bin/../lib/gcc/arm-none-eabi/12.3.1/../../../../arm-none-eabi/lib/thumb/v7e-m+fp/hard/libg_nano.a(libc_a-errno.o)
                                0x52b (size before relaxing)
